12:24:45 **** Incremental Build of configuration Debug for project udp_client ****
make pre-build main-build 
a9-linaro-pre-build-step
 
make: Nothing to be done for 'main-build'.

12:24:45 Build Finished (took 118ms)

12:24:45 **** Incremental Build of configuration Release for project udp_client ****
make pre-build main-build 
a9-linaro-pre-build-step
 
Building file: ../src/i2c_access.c
Invoking: ARM v7 gcc compiler
arm-none-eabi-gcc -Wall -O2 -c -fmessage-length=0 -MT"src/i2c_access.o" -mcpu=cortex-a9 -mfpu=vfpv3 -mfloat-abi=hard -I../../udp_client_bsp/ps7_cortexa9_0/include -MMD -MP -MF"src/i2c_access.d" -MT"src/i2c_access.o" -o "src/i2c_access.o" "../src/i2c_access.c"
Finished building: ../src/i2c_access.c
 
Building file: ../src/main.c
Invoking: ARM v7 gcc compiler
arm-none-eabi-gcc -Wall -O2 -c -fmessage-length=0 -MT"src/main.o" -mcpu=cortex-a9 -mfpu=vfpv3 -mfloat-abi=hard -I../../udp_client_bsp/ps7_cortexa9_0/include -MMD -MP -MF"src/main.d" -MT"src/main.o" -o "src/main.o" "../src/main.c"
Finished building: ../src/main.c
 
Building file: ../src/platform.c
Invoking: ARM v7 gcc compiler
arm-none-eabi-gcc -Wall -O2 -c -fmessage-length=0 -MT"src/platform.o" -mcpu=cortex-a9 -mfpu=vfpv3 -mfloat-abi=hard -I../../udp_client_bsp/ps7_cortexa9_0/include -MMD -MP -MF"src/platform.d" -MT"src/platform.o" -o "src/platform.o" "../src/platform.c"
In file included from ../src/platform.c:13:0:
../../udp_client_bsp/ps7_cortexa9_0/include/xtime_l.h:87:9: note: #pragma message: For the sleep routines, Global timer is being used
 #pragma message ("For the sleep routines, Global timer is being used")
         ^~~~~~~
Finished building: ../src/platform.c
 
Building file: ../src/si5324.c
Invoking: ARM v7 gcc compiler
arm-none-eabi-gcc -Wall -O2 -c -fmessage-length=0 -MT"src/si5324.o" -mcpu=cortex-a9 -mfpu=vfpv3 -mfloat-abi=hard -I../../udp_client_bsp/ps7_cortexa9_0/include -MMD -MP -MF"src/si5324.d" -MT"src/si5324.o" -o "src/si5324.o" "../src/si5324.c"
Finished building: ../src/si5324.c
 
Building file: ../src/udp_client.c
Invoking: ARM v7 gcc compiler
arm-none-eabi-gcc -Wall -O2 -c -fmessage-length=0 -MT"src/udp_client.o" -mcpu=cortex-a9 -mfpu=vfpv3 -mfloat-abi=hard -I../../udp_client_bsp/ps7_cortexa9_0/include -MMD -MP -MF"src/udp_client.d" -MT"src/udp_client.o" -o "src/udp_client.o" "../src/udp_client.c"
../src/udp_client.c: In function 'send_udp_packet':
../src/udp_client.c:70:27: warning: pointer targets in initialization differ in signedness [-Wpointer-sign]
  const int8_t *send_buf = "ready"; //TODO:
                           ^~~~~~~
../src/udp_client.c:74:33: warning: pointer targets in passing argument 1 of 'strlen' differ in signedness [-Wpointer-sign]
  size_t send_buf_size = (strlen(send_buf) + 1);//TODO:
                                 ^~~~~~~~
In file included from /opt/tools/Xilinx/SDK/2018.3/gnu/aarch32/lin/gcc-arm-none-eabi/arm-none-eabi/libc/usr/include/stdio.h:29:0,
                 from ../../udp_client_bsp/ps7_cortexa9_0/include/arch/cc.h:38,
                 from ../../udp_client_bsp/ps7_cortexa9_0/include/lwip/arch.h:48,
                 from ../../udp_client_bsp/ps7_cortexa9_0/include/lwip/debug.h:40,
                 from ../../udp_client_bsp/ps7_cortexa9_0/include/lwip/opt.h:52,
                 from ../../udp_client_bsp/ps7_cortexa9_0/include/lwip/netif.h:40,
                 from ../../udp_client_bsp/ps7_cortexa9_0/include/netif/xadapter.h:47,
                 from ../src/udp_client.h:4,
                 from ../src/udp_client.c:1:
/opt/tools/Xilinx/SDK/2018.3/gnu/aarch32/lin/gcc-arm-none-eabi/arm-none-eabi/libc/usr/include/string.h:33:9: note: expected 'const char *' but argument is of type 'const int8_t * {aka const signed char *}'
 size_t  _EXFUN(strlen,(const char *));
         ^
../src/udp_client.c:89:3: warning: implicit declaration of function 'usleep'; did you mean 'fseek'? [-Wimplicit-function-declaration]
   usleep(100);
   ^~~~~~
   fseek
Finished building: ../src/udp_client.c
 
Building target: udp_client.elf
Invoking: ARM v7 gcc linker
arm-none-eabi-gcc -mcpu=cortex-a9 -mfpu=vfpv3 -mfloat-abi=hard -Wl,-build-id=none -specs=Xilinx.spec -Wl,-T -Wl,../src/lscript.ld -L../../udp_client_bsp/ps7_cortexa9_0/lib -o "udp_client.elf"  ./src/i2c_access.o ./src/main.o ./src/platform.o ./src/si5324.o ./src/udp_client.o   -Wl,--start-group,-lxil,-lgcc,-lc,--end-group -Wl,--start-group,-lxil,-llwip4,-lgcc,-lc,--end-group
Finished building target: udp_client.elf
 
Invoking: ARM v7 Print Size
arm-none-eabi-size udp_client.elf  |tee "udp_client.elf.size"
   text	   data	    bss	    dec	    hex	filename
 119528	   3520	30114560	30237608	1cd63a8	udp_client.elf
Finished building: udp_client.elf.size
 
12:24:58 **** Auto Build of configuration Debug for project udp_client ****
make pre-build main-build 
a9-linaro-pre-build-step
 
Building file: ../src/udp_client.c
Invoking: ARM v7 gcc compiler
arm-none-eabi-gcc -Wall -O0 -g3 -c -fmessage-length=0 -MT"src/udp_client.o" -mcpu=cortex-a9 -mfpu=vfpv3 -mfloat-abi=hard -I../../udp_client_bsp/ps7_cortexa9_0/include -MMD -MP -MF"src/udp_client.d" -MT"src/udp_client.o" -o "src/udp_client.o" "../src/udp_client.c"
../src/udp_client.c: In function 'send_udp_packet':
../src/udp_client.c:70:27: warning: pointer targets in initialization differ in signedness [-Wpointer-sign]
  const int8_t *send_buf = "ready"; //TODO:
                           ^~~~~~~
../src/udp_client.c:74:33: warning: pointer targets in passing argument 1 of 'strlen' differ in signedness [-Wpointer-sign]
  size_t send_buf_size = (strlen(send_buf) + 1);//TODO:
                                 ^~~~~~~~
In file included from /opt/tools/Xilinx/SDK/2018.3/gnu/aarch32/lin/gcc-arm-none-eabi/arm-none-eabi/libc/usr/include/stdio.h:29:0,
                 from ../../udp_client_bsp/ps7_cortexa9_0/include/arch/cc.h:38,
                 from ../../udp_client_bsp/ps7_cortexa9_0/include/lwip/arch.h:48,
                 from ../../udp_client_bsp/ps7_cortexa9_0/include/lwip/debug.h:40,
                 from ../../udp_client_bsp/ps7_cortexa9_0/include/lwip/opt.h:52,
                 from ../../udp_client_bsp/ps7_cortexa9_0/include/lwip/netif.h:40,
                 from ../../udp_client_bsp/ps7_cortexa9_0/include/netif/xadapter.h:47,
                 from ../src/udp_client.h:4,
                 from ../src/udp_client.c:1:
/opt/tools/Xilinx/SDK/2018.3/gnu/aarch32/lin/gcc-arm-none-eabi/arm-none-eabi/libc/usr/include/string.h:33:9: note: expected 'const char *' but argument is of type 'const int8_t * {aka const signed char *}'
 size_t  _EXFUN(strlen,(const char *));
         ^
../src/udp_client.c: In function 'init_udp_transfer':
../src/udp_client.c:124:2: warning: implicit declaration of function 'usleep'; did you mean 'fseek'? [-Wimplicit-function-declaration]
  usleep(10);
  ^~~~~~
  fseek
Finished building: ../src/udp_client.c
 
Building target: udp_client.elf
Invoking: ARM v7 gcc linker
arm-none-eabi-gcc -mcpu=cortex-a9 -mfpu=vfpv3 -mfloat-abi=hard -Wl,-build-id=none -specs=Xilinx.spec -Wl,-T -Wl,../src/lscript.ld -L../../udp_client_bsp/ps7_cortexa9_0/lib -o "udp_client.elf"  ./src/i2c_access.o ./src/main.o ./src/platform.o ./src/si5324.o ./src/udp_client.o   -Wl,--start-group,-lxil,-lgcc,-lc,--end-group -Wl,--start-group,-lxil,-llwip4,-lgcc,-lc,--end-group
Finished building target: udp_client.elf
 
Invoking: ARM v7 Print Size
arm-none-eabi-size udp_client.elf  |tee "udp_client.elf.size"
   text	   data	    bss	    dec	    hex	filename
 121484	   3520	30114560	30239564	1cd6b4c	udp_client.elf
Finished building: udp_client.elf.size
 
12:25:08 **** Auto Build of configuration Debug for project udp_client ****
make pre-build main-build 
a9-linaro-pre-build-step
 
Building file: ../src/udp_client.c
Invoking: ARM v7 gcc compiler
arm-none-eabi-gcc -Wall -O0 -g3 -c -fmessage-length=0 -MT"src/udp_client.o" -mcpu=cortex-a9 -mfpu=vfpv3 -mfloat-abi=hard -I../../udp_client_bsp/ps7_cortexa9_0/include -MMD -MP -MF"src/udp_client.d" -MT"src/udp_client.o" -o "src/udp_client.o" "../src/udp_client.c"
../src/udp_client.c: In function 'send_udp_packet':
../src/udp_client.c:70:27: warning: pointer targets in initialization differ in signedness [-Wpointer-sign]
  const int8_t *send_buf = "ready"; //TODO:
                           ^~~~~~~
../src/udp_client.c:74:33: warning: pointer targets in passing argument 1 of 'strlen' differ in signedness [-Wpointer-sign]
  size_t send_buf_size = (strlen(send_buf) + 1);//TODO:
                                 ^~~~~~~~
In file included from /opt/tools/Xilinx/SDK/2018.3/gnu/aarch32/lin/gcc-arm-none-eabi/arm-none-eabi/libc/usr/include/stdio.h:29:0,
                 from ../../udp_client_bsp/ps7_cortexa9_0/include/arch/cc.h:38,
                 from ../../udp_client_bsp/ps7_cortexa9_0/include/lwip/arch.h:48,
                 from ../../udp_client_bsp/ps7_cortexa9_0/include/lwip/debug.h:40,
                 from ../../udp_client_bsp/ps7_cortexa9_0/include/lwip/opt.h:52,
                 from ../../udp_client_bsp/ps7_cortexa9_0/include/lwip/netif.h:40,
                 from ../../udp_client_bsp/ps7_cortexa9_0/include/netif/xadapter.h:47,
                 from ../src/udp_client.h:4,
                 from ../src/udp_client.c:1:
/opt/tools/Xilinx/SDK/2018.3/gnu/aarch32/lin/gcc-arm-none-eabi/arm-none-eabi/libc/usr/include/string.h:33:9: note: expected 'const char *' but argument is of type 'const int8_t * {aka const signed char *}'
 size_t  _EXFUN(strlen,(const char *));
         ^
../src/udp_client.c:89:3: warning: implicit declaration of function 'usleep'; did you mean 'fseek'? [-Wimplicit-function-declaration]
   usleep(100);
   ^~~~~~
   fseek
Finished building: ../src/udp_client.c
 
Building target: udp_client.elf
Invoking: ARM v7 gcc linker
arm-none-eabi-gcc -mcpu=cortex-a9 -mfpu=vfpv3 -mfloat-abi=hard -Wl,-build-id=none -specs=Xilinx.spec -Wl,-T -Wl,../src/lscript.ld -L../../udp_client_bsp/ps7_cortexa9_0/lib -o "udp_client.elf"  ./src/i2c_access.o ./src/main.o ./src/platform.o ./src/si5324.o ./src/udp_client.o   -Wl,--start-group,-lxil,-lgcc,-lc,--end-group -Wl,--start-group,-lxil,-llwip4,-lgcc,-lc,--end-group
Finished building target: udp_client.elf
 
Invoking: ARM v7 Print Size
arm-none-eabi-size udp_client.elf  |tee "udp_client.elf.size"
   text	   data	    bss	    dec	    hex	filename
 121484	   3520	30114560	30239564	1cd6b4c	udp_client.elf
Finished building: udp_client.elf.size
 
12:25:28 **** Auto Build of configuration Debug for project udp_client ****
make pre-build main-build 
a9-linaro-pre-build-step
 
Building file: ../src/udp_client.c
Invoking: ARM v7 gcc compiler
arm-none-eabi-gcc -Wall -O0 -g3 -c -fmessage-length=0 -MT"src/udp_client.o" -mcpu=cortex-a9 -mfpu=vfpv3 -mfloat-abi=hard -I../../udp_client_bsp/ps7_cortexa9_0/include -MMD -MP -MF"src/udp_client.d" -MT"src/udp_client.o" -o "src/udp_client.o" "../src/udp_client.c"
../src/udp_client.c: In function 'send_udp_packet':
../src/udp_client.c:71:27: warning: pointer targets in initialization differ in signedness [-Wpointer-sign]
  const int8_t *send_buf = "ready"; //TODO:
                           ^~~~~~~
../src/udp_client.c:75:33: warning: pointer targets in passing argument 1 of 'strlen' differ in signedness [-Wpointer-sign]
  size_t send_buf_size = (strlen(send_buf) + 1);//TODO:
                                 ^~~~~~~~
In file included from /opt/tools/Xilinx/SDK/2018.3/gnu/aarch32/lin/gcc-arm-none-eabi/arm-none-eabi/libc/usr/include/ctype.h:4:0,
                 from ../../udp_client_bsp/ps7_cortexa9_0/include/xil_printf.h:8,
                 from ../../udp_client_bsp/ps7_cortexa9_0/include/xil_io.h:61,
                 from ../../udp_client_bsp/ps7_cortexa9_0/include/sleep.h:52,
                 from ../src/udp_client.c:1:
/opt/tools/Xilinx/SDK/2018.3/gnu/aarch32/lin/gcc-arm-none-eabi/arm-none-eabi/libc/usr/include/string.h:33:9: note: expected 'const char *' but argument is of type 'const int8_t * {aka const signed char *}'
 size_t  _EXFUN(strlen,(const char *));
         ^
Finished building: ../src/udp_client.c
 
Building target: udp_client.elf
Invoking: ARM v7 gcc linker
arm-none-eabi-gcc -mcpu=cortex-a9 -mfpu=vfpv3 -mfloat-abi=hard -Wl,-build-id=none -specs=Xilinx.spec -Wl,-T -Wl,../src/lscript.ld -L../../udp_client_bsp/ps7_cortexa9_0/lib -o "udp_client.elf"  ./src/i2c_access.o ./src/main.o ./src/platform.o ./src/si5324.o ./src/udp_client.o   -Wl,--start-group,-lxil,-lgcc,-lc,--end-group -Wl,--start-group,-lxil,-llwip4,-lgcc,-lc,--end-group
Finished building target: udp_client.elf
 
Invoking: ARM v7 Print Size
arm-none-eabi-size udp_client.elf  |tee "udp_client.elf.size"
   text	   data	    bss	    dec	    hex	filename
 121484	   3520	30114560	30239564	1cd6b4c	udp_client.elf
Finished building: udp_client.elf.size
 
12:25:31 **** Auto Build of configuration Debug for project udp_client ****
make pre-build main-build 
a9-linaro-pre-build-step
 
Building file: ../src/udp_client.c
Invoking: ARM v7 gcc compiler
arm-none-eabi-gcc -Wall -O0 -g3 -c -fmessage-length=0 -MT"src/udp_client.o" -mcpu=cortex-a9 -mfpu=vfpv3 -mfloat-abi=hard -I../../udp_client_bsp/ps7_cortexa9_0/include -MMD -MP -MF"src/udp_client.d" -MT"src/udp_client.o" -o "src/udp_client.o" "../src/udp_client.c"
../src/udp_client.c: In function 'send_udp_packet':
../src/udp_client.c:72:27: warning: pointer targets in initialization differ in signedness [-Wpointer-sign]
  const int8_t *send_buf = "ready"; //TODO:
                           ^~~~~~~
../src/udp_client.c:76:33: warning: pointer targets in passing argument 1 of 'strlen' differ in signedness [-Wpointer-sign]
  size_t send_buf_size = (strlen(send_buf) + 1);//TODO:
                                 ^~~~~~~~
In file included from /opt/tools/Xilinx/SDK/2018.3/gnu/aarch32/lin/gcc-arm-none-eabi/arm-none-eabi/libc/usr/include/ctype.h:4:0,
                 from ../../udp_client_bsp/ps7_cortexa9_0/include/xil_printf.h:8,
                 from ../../udp_client_bsp/ps7_cortexa9_0/include/xil_io.h:61,
                 from ../../udp_client_bsp/ps7_cortexa9_0/include/sleep.h:52,
                 from ../src/udp_client.c:1:
/opt/tools/Xilinx/SDK/2018.3/gnu/aarch32/lin/gcc-arm-none-eabi/arm-none-eabi/libc/usr/include/string.h:33:9: note: expected 'const char *' but argument is of type 'const int8_t * {aka const signed char *}'
 size_t  _EXFUN(strlen,(const char *));
         ^
Finished building: ../src/udp_client.c
 
Building target: udp_client.elf
Invoking: ARM v7 gcc linker
arm-none-eabi-gcc -mcpu=cortex-a9 -mfpu=vfpv3 -mfloat-abi=hard -Wl,-build-id=none -specs=Xilinx.spec -Wl,-T -Wl,../src/lscript.ld -L../../udp_client_bsp/ps7_cortexa9_0/lib -o "udp_client.elf"  ./src/i2c_access.o ./src/main.o ./src/platform.o ./src/si5324.o ./src/udp_client.o   -Wl,--start-group,-lxil,-lgcc,-lc,--end-group -Wl,--start-group,-lxil,-llwip4,-lgcc,-lc,--end-group
Finished building target: udp_client.elf
 
Invoking: ARM v7 Print Size
arm-none-eabi-size udp_client.elf  |tee "udp_client.elf.size"
   text	   data	    bss	    dec	    hex	filename
 121484	   3520	30114560	30239564	1cd6b4c	udp_client.elf
Finished building: udp_client.elf.size
 
12:25:49 **** Auto Build of configuration Debug for project udp_client ****
make pre-build main-build 
a9-linaro-pre-build-step
 
Building file: ../src/main.c
Invoking: ARM v7 gcc compiler
arm-none-eabi-gcc -Wall -O0 -g3 -c -fmessage-length=0 -MT"src/main.o" -mcpu=cortex-a9 -mfpu=vfpv3 -mfloat-abi=hard -I../../udp_client_bsp/ps7_cortexa9_0/include -MMD -MP -MF"src/main.d" -MT"src/main.o" -o "src/main.o" "../src/main.c"
../src/main.c: In function 'main':
../src/main.c:21:6: error: expected expression before ')' token
  if ()
      ^
../src/main.c:15:10: warning: variable 'status' set but not used [-Wunused-but-set-variable]
  int32_t status = XST_FAILURE;
          ^~~~~~
make: *** [src/main.o] Error 1
src/subdir.mk:33: recipe for target 'src/main.o' failed
12:25:56 **** Auto Build of configuration Debug for project udp_client ****
make pre-build main-build 
a9-linaro-pre-build-step
 
Building file: ../src/main.c
Invoking: ARM v7 gcc compiler
arm-none-eabi-gcc -Wall -O0 -g3 -c -fmessage-length=0 -MT"src/main.o" -mcpu=cortex-a9 -mfpu=vfpv3 -mfloat-abi=hard -I../../udp_client_bsp/ps7_cortexa9_0/include -MMD -MP -MF"src/main.d" -MT"src/main.o" -o "src/main.o" "../src/main.c"
../src/main.c: In function 'main':
../src/main.c:15:10: warning: variable 'status' set but not used [-Wunused-but-set-variable]
  int32_t status = XST_FAILURE;
          ^~~~~~
Finished building: ../src/main.c
 
Building target: udp_client.elf
Invoking: ARM v7 gcc linker
arm-none-eabi-gcc -mcpu=cortex-a9 -mfpu=vfpv3 -mfloat-abi=hard -Wl,-build-id=none -specs=Xilinx.spec -Wl,-T -Wl,../src/lscript.ld -L../../udp_client_bsp/ps7_cortexa9_0/lib -o "udp_client.elf"  ./src/i2c_access.o ./src/main.o ./src/platform.o ./src/si5324.o ./src/udp_client.o   -Wl,--start-group,-lxil,-lgcc,-lc,--end-group -Wl,--start-group,-lxil,-llwip4,-lgcc,-lc,--end-group
Finished building target: udp_client.elf
 
Invoking: ARM v7 Print Size
arm-none-eabi-size udp_client.elf  |tee "udp_client.elf.size"
   text	   data	    bss	    dec	    hex	filename
 121484	   3520	30114560	30239564	1cd6b4c	udp_client.elf
Finished building: udp_client.elf.size
 
12:26:11 **** Auto Build of configuration Debug for project udp_client ****
make pre-build main-build 
a9-linaro-pre-build-step
 
Building file: ../src/udp_client.c
Invoking: ARM v7 gcc compiler
arm-none-eabi-gcc -Wall -O0 -g3 -c -fmessage-length=0 -MT"src/udp_client.o" -mcpu=cortex-a9 -mfpu=vfpv3 -mfloat-abi=hard -I../../udp_client_bsp/ps7_cortexa9_0/include -MMD -MP -MF"src/udp_client.d" -MT"src/udp_client.o" -o "src/udp_client.o" "../src/udp_client.c"
../src/udp_client.c: In function 'send_udp_packet':
../src/udp_client.c:81:27: warning: pointer targets in initialization differ in signedness [-Wpointer-sign]
  const int8_t *send_buf = "ready"; //TODO:
                           ^~~~~~~
../src/udp_client.c:85:33: warning: pointer targets in passing argument 1 of 'strlen' differ in signedness [-Wpointer-sign]
  size_t send_buf_size = (strlen(send_buf) + 1);//TODO:
                                 ^~~~~~~~
In file included from /opt/tools/Xilinx/SDK/2018.3/gnu/aarch32/lin/gcc-arm-none-eabi/arm-none-eabi/libc/usr/include/ctype.h:4:0,
                 from ../../udp_client_bsp/ps7_cortexa9_0/include/xil_printf.h:8,
                 from ../../udp_client_bsp/ps7_cortexa9_0/include/xil_io.h:61,
                 from ../../udp_client_bsp/ps7_cortexa9_0/include/sleep.h:52,
                 from ../src/udp_client.c:1:
/opt/tools/Xilinx/SDK/2018.3/gnu/aarch32/lin/gcc-arm-none-eabi/arm-none-eabi/libc/usr/include/string.h:33:9: note: expected 'const char *' but argument is of type 'const int8_t * {aka const signed char *}'
 size_t  _EXFUN(strlen,(const char *));
         ^
Finished building: ../src/udp_client.c
 
Building target: udp_client.elf
Invoking: ARM v7 gcc linker
arm-none-eabi-gcc -mcpu=cortex-a9 -mfpu=vfpv3 -mfloat-abi=hard -Wl,-build-id=none -specs=Xilinx.spec -Wl,-T -Wl,../src/lscript.ld -L../../udp_client_bsp/ps7_cortexa9_0/lib -o "udp_client.elf"  ./src/i2c_access.o ./src/main.o ./src/platform.o ./src/si5324.o ./src/udp_client.o   -Wl,--start-group,-lxil,-lgcc,-lc,--end-group -Wl,--start-group,-lxil,-llwip4,-lgcc,-lc,--end-group
Finished building target: udp_client.elf
 
Invoking: ARM v7 Print Size
arm-none-eabi-size udp_client.elf  |tee "udp_client.elf.size"
   text	   data	    bss	    dec	    hex	filename
 121484	   3520	30114560	30239564	1cd6b4c	udp_client.elf
Finished building: udp_client.elf.size
 
12:26:16 **** Auto Build of configuration Debug for project udp_client ****
make pre-build main-build 
a9-linaro-pre-build-step
 
Building file: ../src/udp_client.c
Invoking: ARM v7 gcc compiler
arm-none-eabi-gcc -Wall -O0 -g3 -c -fmessage-length=0 -MT"src/udp_client.o" -mcpu=cortex-a9 -mfpu=vfpv3 -mfloat-abi=hard -I../../udp_client_bsp/ps7_cortexa9_0/include -MMD -MP -MF"src/udp_client.d" -MT"src/udp_client.o" -o "src/udp_client.o" "../src/udp_client.c"
../src/udp_client.c: In function 'send_udp_packet':
../src/udp_client.c:83:27: warning: pointer targets in initialization differ in signedness [-Wpointer-sign]
  const int8_t *send_buf = "ready"; //TODO:
                           ^~~~~~~
../src/udp_client.c:87:33: warning: pointer targets in passing argument 1 of 'strlen' differ in signedness [-Wpointer-sign]
  size_t send_buf_size = (strlen(send_buf) + 1);//TODO:
                                 ^~~~~~~~
In file included from /opt/tools/Xilinx/SDK/2018.3/gnu/aarch32/lin/gcc-arm-none-eabi/arm-none-eabi/libc/usr/include/ctype.h:4:0,
                 from ../../udp_client_bsp/ps7_cortexa9_0/include/xil_printf.h:8,
                 from ../../udp_client_bsp/ps7_cortexa9_0/include/xil_io.h:61,
                 from ../../udp_client_bsp/ps7_cortexa9_0/include/sleep.h:52,
                 from ../src/udp_client.c:1:
/opt/tools/Xilinx/SDK/2018.3/gnu/aarch32/lin/gcc-arm-none-eabi/arm-none-eabi/libc/usr/include/string.h:33:9: note: expected 'const char *' but argument is of type 'const int8_t * {aka const signed char *}'
 size_t  _EXFUN(strlen,(const char *));
         ^
Finished building: ../src/udp_client.c
 
Building target: udp_client.elf
Invoking: ARM v7 gcc linker
arm-none-eabi-gcc -mcpu=cortex-a9 -mfpu=vfpv3 -mfloat-abi=hard -Wl,-build-id=none -specs=Xilinx.spec -Wl,-T -Wl,../src/lscript.ld -L../../udp_client_bsp/ps7_cortexa9_0/lib -o "udp_client.elf"  ./src/i2c_access.o ./src/main.o ./src/platform.o ./src/si5324.o ./src/udp_client.o   -Wl,--start-group,-lxil,-lgcc,-lc,--end-group -Wl,--start-group,-lxil,-llwip4,-lgcc,-lc,--end-group
Finished building target: udp_client.elf
 
Invoking: ARM v7 Print Size
arm-none-eabi-size udp_client.elf  |tee "udp_client.elf.size"
   text	   data	    bss	    dec	    hex	filename
 121484	   3520	30114560	30239564	1cd6b4c	udp_client.elf
Finished building: udp_client.elf.size
 
12:26:18 **** Incremental Build of configuration Debug for project udp_client ****
make pre-build main-build 
a9-linaro-pre-build-step
 
make: Nothing to be done for 'main-build'.
12:26:18 **** Incremental Build of configuration Debug for project udp_server ****
make pre-build main-build 
a9-linaro-pre-build-step
 
make: Nothing to be done for 'main-build'.
12:26:42 **** Auto Build of configuration Debug for project udp_client ****
make pre-build main-build 
a9-linaro-pre-build-step
 
Building file: ../src/udp_client.c
Invoking: ARM v7 gcc compiler
arm-none-eabi-gcc -Wall -O0 -g3 -c -fmessage-length=0 -MT"src/udp_client.o" -mcpu=cortex-a9 -mfpu=vfpv3 -mfloat-abi=hard -I../../udp_client_bsp/ps7_cortexa9_0/include -MMD -MP -MF"src/udp_client.d" -MT"src/udp_client.o" -o "src/udp_client.o" "../src/udp_client.c"
../src/udp_client.c: In function 'send_udp_packet':
../src/udp_client.c:82:27: warning: pointer targets in initialization differ in signedness [-Wpointer-sign]
  const int8_t *send_buf = "ready"; //TODO:
                           ^~~~~~~
../src/udp_client.c:86:33: warning: pointer targets in passing argument 1 of 'strlen' differ in signedness [-Wpointer-sign]
  size_t send_buf_size = (strlen(send_buf) + 1);//TODO:
                                 ^~~~~~~~
In file included from /opt/tools/Xilinx/SDK/2018.3/gnu/aarch32/lin/gcc-arm-none-eabi/arm-none-eabi/libc/usr/include/ctype.h:4:0,
                 from ../../udp_client_bsp/ps7_cortexa9_0/include/xil_printf.h:8,
                 from ../../udp_client_bsp/ps7_cortexa9_0/include/xil_io.h:61,
                 from ../../udp_client_bsp/ps7_cortexa9_0/include/sleep.h:52,
                 from ../src/udp_client.c:1:
/opt/tools/Xilinx/SDK/2018.3/gnu/aarch32/lin/gcc-arm-none-eabi/arm-none-eabi/libc/usr/include/string.h:33:9: note: expected 'const char *' but argument is of type 'const int8_t * {aka const signed char *}'
 size_t  _EXFUN(strlen,(const char *));
         ^
Finished building: ../src/udp_client.c
 
Building target: udp_client.elf
Invoking: ARM v7 gcc linker
arm-none-eabi-gcc -mcpu=cortex-a9 -mfpu=vfpv3 -mfloat-abi=hard -Wl,-build-id=none -specs=Xilinx.spec -Wl,-T -Wl,../src/lscript.ld -L../../udp_client_bsp/ps7_cortexa9_0/lib -o "udp_client.elf"  ./src/i2c_access.o ./src/main.o ./src/platform.o ./src/si5324.o ./src/udp_client.o   -Wl,--start-group,-lxil,-lgcc,-lc,--end-group -Wl,--start-group,-lxil,-llwip4,-lgcc,-lc,--end-group
Finished building target: udp_client.elf
 
Invoking: ARM v7 Print Size
arm-none-eabi-size udp_client.elf  |tee "udp_client.elf.size"
   text	   data	    bss	    dec	    hex	filename
 121484	   3520	30114560	30239564	1cd6b4c	udp_client.elf
Finished building: udp_client.elf.size
 
12:26:42 **** Incremental Build of configuration Debug for project udp_client ****
make pre-build main-build 
a9-linaro-pre-build-step
 
make: Nothing to be done for 'main-build'.
12:26:43 **** Incremental Build of configuration Debug for project udp_server ****
make pre-build main-build 
a9-linaro-pre-build-step
 
make: Nothing to be done for 'main-build'.
12:26:50 **** Auto Build of configuration Debug for project udp_client ****
make pre-build main-build 
a9-linaro-pre-build-step
 
Building file: ../src/main.c
Invoking: ARM v7 gcc compiler
arm-none-eabi-gcc -Wall -O0 -g3 -c -fmessage-length=0 -MT"src/main.o" -mcpu=cortex-a9 -mfpu=vfpv3 -mfloat-abi=hard -I../../udp_client_bsp/ps7_cortexa9_0/include -MMD -MP -MF"src/main.d" -MT"src/main.o" -o "src/main.o" "../src/main.c"
In file included from ../src/main.c:7:0:
../src/udp_client.h:16:25: warning: 'struct netif' declared inside parameter list will not be visible outside of this definition or declaration
 int32_t init_udp(struct netif *server_netif);
                         ^~~~~
../src/udp_client.h:17:1: error: unknown type name 'err_t'
 err_t transfer_udp_packet(void);
 ^~~~~
../src/udp_client.h:18:1: error: unknown type name 'err_t'
 err_t init_udp_transfer(void);
 ^~~~~
../src/main.c: In function 'main':
../src/main.c:17:15: error: storage size of 'netif' isn't known
  struct netif netif;
               ^~~~~
../src/main.c:18:27: error: invalid application of 'sizeof' to incomplete type 'struct netif'
  memset(&netif, 0, sizeof(struct netif));
                           ^~~~~~
../src/main.c:44:4: warning: implicit declaration of function 'tcp_fasttmr' [-Wimplicit-function-declaration]
    tcp_fasttmr();
    ^~~~~~~~~~~
../src/main.c:48:4: warning: implicit declaration of function 'tcp_slowtmr' [-Wimplicit-function-declaration]
    tcp_slowtmr();
    ^~~~~~~~~~~
../src/main.c:51:3: warning: implicit declaration of function 'xemacif_input' [-Wimplicit-function-declaration]
   xemacif_input(&netif);
   ^~~~~~~~~~~~~
../src/main.c:17:15: warning: unused variable 'netif' [-Wunused-variable]
  struct netif netif;
               ^~~~~
../src/main.c:15:10: warning: variable 'status' set but not used [-Wunused-but-set-variable]
  int32_t status = XST_FAILURE;
          ^~~~~~
make: *** [src/main.o] Error 1
src/subdir.mk:33: recipe for target 'src/main.o' failed
12:27:47 **** Auto Build of configuration Debug for project udp_client ****
make pre-build main-build 
a9-linaro-pre-build-step
 
Building file: ../src/main.c
Invoking: ARM v7 gcc compiler
arm-none-eabi-gcc -Wall -O0 -g3 -c -fmessage-length=0 -MT"src/main.o" -mcpu=cortex-a9 -mfpu=vfpv3 -mfloat-abi=hard -I../../udp_client_bsp/ps7_cortexa9_0/include -MMD -MP -MF"src/main.d" -MT"src/main.o" -o "src/main.o" "../src/main.c"
In file included from ../src/main.c:8:0:
../src/udp_client.h:16:25: warning: 'struct netif' declared inside parameter list will not be visible outside of this definition or declaration
 int32_t init_udp(struct netif *server_netif);
                         ^~~~~
../src/udp_client.h:17:1: error: unknown type name 'err_t'
 err_t transfer_udp_packet(void);
 ^~~~~
../src/udp_client.h:18:1: error: unknown type name 'err_t'
 err_t init_udp_transfer(void);
 ^~~~~
../src/main.c: In function 'main':
../src/main.c:41:11: warning: passing argument 1 of 'init_udp' from incompatible pointer type [-Wincompatible-pointer-types]
  init_udp(&netif);
           ^
In file included from ../src/main.c:8:0:
../src/udp_client.h:16:9: note: expected 'struct netif *' but argument is of type 'struct netif *'
 int32_t init_udp(struct netif *server_netif);
         ^~~~~~~~
../src/main.c:26:10: warning: variable 'status' set but not used [-Wunused-but-set-variable]
  int32_t status = XST_FAILURE;
          ^~~~~~
make: *** [src/main.o] Error 1
src/subdir.mk:33: recipe for target 'src/main.o' failed
12:27:55 **** Auto Build of configuration Debug for project udp_client ****
make pre-build main-build 
a9-linaro-pre-build-step
 
Building file: ../src/main.c
Invoking: ARM v7 gcc compiler
arm-none-eabi-gcc -Wall -O0 -g3 -c -fmessage-length=0 -MT"src/main.o" -mcpu=cortex-a9 -mfpu=vfpv3 -mfloat-abi=hard -I../../udp_client_bsp/ps7_cortexa9_0/include -MMD -MP -MF"src/main.d" -MT"src/main.o" -o "src/main.o" "../src/main.c"
In file included from ../src/main.c:8:0:
../src/udp_client.h:16:25: warning: 'struct netif' declared inside parameter list will not be visible outside of this definition or declaration
 int32_t init_udp(struct netif *server_netif);
                         ^~~~~
../src/udp_client.h:17:1: error: unknown type name 'err_t'
 err_t transfer_udp_packet(void);
 ^~~~~
../src/udp_client.h:18:1: error: unknown type name 'err_t'
 err_t init_udp_transfer(void);
 ^~~~~
../src/main.c: In function 'main':
../src/main.c:28:15: error: storage size of 'netif' isn't known
  struct netif netif;
               ^~~~~
../src/main.c:29:27: error: invalid application of 'sizeof' to incomplete type 'struct netif'
  memset(&netif, 0, sizeof(struct netif));
                           ^~~~~~
../src/main.c:55:4: warning: implicit declaration of function 'tcp_fasttmr' [-Wimplicit-function-declaration]
    tcp_fasttmr();
    ^~~~~~~~~~~
../src/main.c:59:4: warning: implicit declaration of function 'tcp_slowtmr' [-Wimplicit-function-declaration]
    tcp_slowtmr();
    ^~~~~~~~~~~
../src/main.c:62:3: warning: implicit declaration of function 'xemacif_input' [-Wimplicit-function-declaration]
   xemacif_input(&netif);
   ^~~~~~~~~~~~~
../src/main.c:28:15: warning: unused variable 'netif' [-Wunused-variable]
  struct netif netif;
               ^~~~~
../src/main.c:26:10: warning: variable 'status' set but not used [-Wunused-but-set-variable]
  int32_t status = XST_FAILURE;
          ^~~~~~
src/subdir.mk:33: recipe for target 'src/main.o' failed
make: *** [src/main.o] Error 1
12:28:06 **** Auto Build of configuration Debug for project udp_client ****
make pre-build main-build 
a9-linaro-pre-build-step
 
Building file: ../src/main.c
Invoking: ARM v7 gcc compiler
arm-none-eabi-gcc -Wall -O0 -g3 -c -fmessage-length=0 -MT"src/main.o" -mcpu=cortex-a9 -mfpu=vfpv3 -mfloat-abi=hard -I../../udp_client_bsp/ps7_cortexa9_0/include -MMD -MP -MF"src/main.d" -MT"src/main.o" -o "src/main.o" "../src/main.c"
In file included from ../src/main.c:8:0:
../src/udp_client.h:16:25: warning: 'struct netif' declared inside parameter list will not be visible outside of this definition or declaration
 int32_t init_udp(struct netif *server_netif);
                         ^~~~~
../src/udp_client.h:17:1: error: unknown type name 'err_t'
 err_t transfer_udp_packet(void);
 ^~~~~
../src/udp_client.h:18:1: error: unknown type name 'err_t'
 err_t init_udp_transfer(void);
 ^~~~~
../src/main.c: In function 'main':
../src/main.c:41:11: warning: passing argument 1 of 'init_udp' from incompatible pointer type [-Wincompatible-pointer-types]
  init_udp(&netif);
           ^
In file included from ../src/main.c:8:0:
../src/udp_client.h:16:9: note: expected 'struct netif *' but argument is of type 'struct netif *'
 int32_t init_udp(struct netif *server_netif);
         ^~~~~~~~
../src/main.c:55:4: warning: implicit declaration of function 'tcp_fasttmr' [-Wimplicit-function-declaration]
    tcp_fasttmr();
    ^~~~~~~~~~~
../src/main.c:59:4: warning: implicit declaration of function 'tcp_slowtmr' [-Wimplicit-function-declaration]
    tcp_slowtmr();
    ^~~~~~~~~~~
../src/main.c:62:3: warning: implicit declaration of function 'xemacif_input'; did you mean 'netif_input'? [-Wimplicit-function-declaration]
   xemacif_input(&netif);
   ^~~~~~~~~~~~~
   netif_input
../src/main.c:26:10: warning: variable 'status' set but not used [-Wunused-but-set-variable]
  int32_t status = XST_FAILURE;
          ^~~~~~
src/subdir.mk:33: recipe for target 'src/main.o' failed
make: *** [src/main.o] Error 1
12:28:10 **** Auto Build of configuration Debug for project udp_client ****
make pre-build main-build 
a9-linaro-pre-build-step
 
Building file: ../src/main.c
Invoking: ARM v7 gcc compiler
arm-none-eabi-gcc -Wall -O0 -g3 -c -fmessage-length=0 -MT"src/main.o" -mcpu=cortex-a9 -mfpu=vfpv3 -mfloat-abi=hard -I../../udp_client_bsp/ps7_cortexa9_0/include -MMD -MP -MF"src/main.d" -MT"src/main.o" -o "src/main.o" "../src/main.c"
In file included from ../src/main.c:8:0:
../src/udp_client.h:16:25: warning: 'struct netif' declared inside parameter list will not be visible outside of this definition or declaration
 int32_t init_udp(struct netif *server_netif);
                         ^~~~~
../src/udp_client.h:17:1: error: unknown type name 'err_t'
 err_t transfer_udp_packet(void);
 ^~~~~
../src/udp_client.h:18:1: error: unknown type name 'err_t'
 err_t init_udp_transfer(void);
 ^~~~~
../src/main.c: In function 'main':
../src/main.c:41:11: warning: passing argument 1 of 'init_udp' from incompatible pointer type [-Wincompatible-pointer-types]
  init_udp(&netif);
           ^
In file included from ../src/main.c:8:0:
../src/udp_client.h:16:9: note: expected 'struct netif *' but argument is of type 'struct netif *'
 int32_t init_udp(struct netif *server_netif);
         ^~~~~~~~
../src/main.c:55:4: warning: implicit declaration of function 'tcp_fasttmr' [-Wimplicit-function-declaration]
    tcp_fasttmr();
    ^~~~~~~~~~~
../src/main.c:59:4: warning: implicit declaration of function 'tcp_slowtmr' [-Wimplicit-function-declaration]
    tcp_slowtmr();
    ^~~~~~~~~~~
../src/main.c:62:3: warning: implicit declaration of function 'xemacif_input'; did you mean 'netif_input'? [-Wimplicit-function-declaration]
   xemacif_input(&netif);
   ^~~~~~~~~~~~~
   netif_input
../src/main.c:26:10: warning: variable 'status' set but not used [-Wunused-but-set-variable]
  int32_t status = XST_FAILURE;
          ^~~~~~
make: *** [src/main.o] Error 1
src/subdir.mk:33: recipe for target 'src/main.o' failed
12:28:18 **** Auto Build of configuration Debug for project udp_client ****
make pre-build main-build 
a9-linaro-pre-build-step
 
Building file: ../src/main.c
Invoking: ARM v7 gcc compiler
arm-none-eabi-gcc -Wall -O0 -g3 -c -fmessage-length=0 -MT"src/main.o" -mcpu=cortex-a9 -mfpu=vfpv3 -mfloat-abi=hard -I../../udp_client_bsp/ps7_cortexa9_0/include -MMD -MP -MF"src/main.d" -MT"src/main.o" -o "src/main.o" "../src/main.c"
In file included from ../src/main.c:8:0:
../src/udp_client.h:16:25: warning: 'struct netif' declared inside parameter list will not be visible outside of this definition or declaration
 int32_t init_udp(struct netif *server_netif);
                         ^~~~~
../src/udp_client.h:17:1: error: unknown type name 'err_t'
 err_t transfer_udp_packet(void);
 ^~~~~
../src/udp_client.h:18:1: error: unknown type name 'err_t'
 err_t init_udp_transfer(void);
 ^~~~~
../src/main.c: In function 'main':
../src/main.c:28:15: error: storage size of 'netif' isn't known
  struct netif netif;
               ^~~~~
../src/main.c:29:27: error: invalid application of 'sizeof' to incomplete type 'struct netif'
  memset(&netif, 0, sizeof(struct netif));
                           ^~~~~~
../src/main.c:55:4: warning: implicit declaration of function 'tcp_fasttmr' [-Wimplicit-function-declaration]
    tcp_fasttmr();
    ^~~~~~~~~~~
../src/main.c:59:4: warning: implicit declaration of function 'tcp_slowtmr' [-Wimplicit-function-declaration]
    tcp_slowtmr();
    ^~~~~~~~~~~
../src/main.c:62:3: warning: implicit declaration of function 'xemacif_input' [-Wimplicit-function-declaration]
   xemacif_input(&netif);
   ^~~~~~~~~~~~~
../src/main.c:28:15: warning: unused variable 'netif' [-Wunused-variable]
  struct netif netif;
               ^~~~~
../src/main.c:26:10: warning: variable 'status' set but not used [-Wunused-but-set-variable]
  int32_t status = XST_FAILURE;
          ^~~~~~
src/subdir.mk:33: recipe for target 'src/main.o' failed
make: *** [src/main.o] Error 1
12:28:23 **** Auto Build of configuration Debug for project udp_client ****
make pre-build main-build 
a9-linaro-pre-build-step
 
Building file: ../src/main.c
Invoking: ARM v7 gcc compiler
arm-none-eabi-gcc -Wall -O0 -g3 -c -fmessage-length=0 -MT"src/main.o" -mcpu=cortex-a9 -mfpu=vfpv3 -mfloat-abi=hard -I../../udp_client_bsp/ps7_cortexa9_0/include -MMD -MP -MF"src/main.d" -MT"src/main.o" -o "src/main.o" "../src/main.c"
In file included from ../src/main.c:8:0:
../src/udp_client.h:16:25: warning: 'struct netif' declared inside parameter list will not be visible outside of this definition or declaration
 int32_t init_udp(struct netif *server_netif);
                         ^~~~~
../src/udp_client.h:17:1: error: unknown type name 'err_t'
 err_t transfer_udp_packet(void);
 ^~~~~
../src/udp_client.h:18:1: error: unknown type name 'err_t'
 err_t init_udp_transfer(void);
 ^~~~~
../src/main.c: In function 'main':
../src/main.c:41:11: warning: passing argument 1 of 'init_udp' from incompatible pointer type [-Wincompatible-pointer-types]
  init_udp(&netif);
           ^
In file included from ../src/main.c:8:0:
../src/udp_client.h:16:9: note: expected 'struct netif *' but argument is of type 'struct netif *'
 int32_t init_udp(struct netif *server_netif);
         ^~~~~~~~
../src/main.c:55:4: warning: implicit declaration of function 'tcp_fasttmr' [-Wimplicit-function-declaration]
    tcp_fasttmr();
    ^~~~~~~~~~~
../src/main.c:59:4: warning: implicit declaration of function 'tcp_slowtmr' [-Wimplicit-function-declaration]
    tcp_slowtmr();
    ^~~~~~~~~~~
../src/main.c:62:3: warning: implicit declaration of function 'xemacif_input'; did you mean 'netif_input'? [-Wimplicit-function-declaration]
   xemacif_input(&netif);
   ^~~~~~~~~~~~~
   netif_input
../src/main.c:26:10: warning: variable 'status' set but not used [-Wunused-but-set-variable]
  int32_t status = XST_FAILURE;
          ^~~~~~
src/subdir.mk:33: recipe for target 'src/main.o' failed
make: *** [src/main.o] Error 1
12:28:26 **** Auto Build of configuration Debug for project udp_client ****
make pre-build main-build 
a9-linaro-pre-build-step
 
Building file: ../src/main.c
Invoking: ARM v7 gcc compiler
arm-none-eabi-gcc -Wall -O0 -g3 -c -fmessage-length=0 -MT"src/main.o" -mcpu=cortex-a9 -mfpu=vfpv3 -mfloat-abi=hard -I../../udp_client_bsp/ps7_cortexa9_0/include -MMD -MP -MF"src/main.d" -MT"src/main.o" -o "src/main.o" "../src/main.c"
In file included from ../src/main.c:8:0:
../src/udp_client.h:16:25: warning: 'struct netif' declared inside parameter list will not be visible outside of this definition or declaration
 int32_t init_udp(struct netif *server_netif);
                         ^~~~~
../src/udp_client.h:17:1: error: unknown type name 'err_t'
 err_t transfer_udp_packet(void);
 ^~~~~
../src/udp_client.h:18:1: error: unknown type name 'err_t'
 err_t init_udp_transfer(void);
 ^~~~~
../src/main.c: In function 'main':
../src/main.c:28:15: error: storage size of 'netif' isn't known
  struct netif netif;
               ^~~~~
../src/main.c:29:27: error: invalid application of 'sizeof' to incomplete type 'struct netif'
  memset(&netif, 0, sizeof(struct netif));
                           ^~~~~~
../src/main.c:55:4: warning: implicit declaration of function 'tcp_fasttmr' [-Wimplicit-function-declaration]
    tcp_fasttmr();
    ^~~~~~~~~~~
../src/main.c:59:4: warning: implicit declaration of function 'tcp_slowtmr' [-Wimplicit-function-declaration]
    tcp_slowtmr();
    ^~~~~~~~~~~
../src/main.c:62:3: warning: implicit declaration of function 'xemacif_input' [-Wimplicit-function-declaration]
   xemacif_input(&netif);
   ^~~~~~~~~~~~~
../src/main.c:28:15: warning: unused variable 'netif' [-Wunused-variable]
  struct netif netif;
               ^~~~~
../src/main.c:26:10: warning: variable 'status' set but not used [-Wunused-but-set-variable]
  int32_t status = XST_FAILURE;
          ^~~~~~
make: *** [src/main.o] Error 1
src/subdir.mk:33: recipe for target 'src/main.o' failed
12:28:31 **** Auto Build of configuration Debug for project udp_client ****
make pre-build main-build 
a9-linaro-pre-build-step
 
Building file: ../src/main.c
Invoking: ARM v7 gcc compiler
arm-none-eabi-gcc -Wall -O0 -g3 -c -fmessage-length=0 -MT"src/main.o" -mcpu=cortex-a9 -mfpu=vfpv3 -mfloat-abi=hard -I../../udp_client_bsp/ps7_cortexa9_0/include -MMD -MP -MF"src/main.d" -MT"src/main.o" -o "src/main.o" "../src/main.c"
In file included from ../src/main.c:8:0:
../src/udp_client.h:16:25: warning: 'struct netif' declared inside parameter list will not be visible outside of this definition or declaration
 int32_t init_udp(struct netif *server_netif);
                         ^~~~~
../src/udp_client.h:17:1: error: unknown type name 'err_t'
 err_t transfer_udp_packet(void);
 ^~~~~
../src/udp_client.h:18:1: error: unknown type name 'err_t'
 err_t init_udp_transfer(void);
 ^~~~~
../src/main.c: In function 'main':
../src/main.c:41:11: warning: passing argument 1 of 'init_udp' from incompatible pointer type [-Wincompatible-pointer-types]
  init_udp(&netif);
           ^
In file included from ../src/main.c:8:0:
../src/udp_client.h:16:9: note: expected 'struct netif *' but argument is of type 'struct netif *'
 int32_t init_udp(struct netif *server_netif);
         ^~~~~~~~
../src/main.c:55:4: warning: implicit declaration of function 'tcp_fasttmr' [-Wimplicit-function-declaration]
    tcp_fasttmr();
    ^~~~~~~~~~~
../src/main.c:59:4: warning: implicit declaration of function 'tcp_slowtmr' [-Wimplicit-function-declaration]
    tcp_slowtmr();
    ^~~~~~~~~~~
../src/main.c:62:3: warning: implicit declaration of function 'xemacif_input'; did you mean 'netif_input'? [-Wimplicit-function-declaration]
   xemacif_input(&netif);
   ^~~~~~~~~~~~~
   netif_input
../src/main.c:26:10: warning: variable 'status' set but not used [-Wunused-but-set-variable]
  int32_t status = XST_FAILURE;
          ^~~~~~
src/subdir.mk:33: recipe for target 'src/main.o' failed
make: *** [src/main.o] Error 1
12:28:34 **** Auto Build of configuration Debug for project udp_client ****
make pre-build main-build 
a9-linaro-pre-build-step
 
Building file: ../src/main.c
Invoking: ARM v7 gcc compiler
arm-none-eabi-gcc -Wall -O0 -g3 -c -fmessage-length=0 -MT"src/main.o" -mcpu=cortex-a9 -mfpu=vfpv3 -mfloat-abi=hard -I../../udp_client_bsp/ps7_cortexa9_0/include -MMD -MP -MF"src/main.d" -MT"src/main.o" -o "src/main.o" "../src/main.c"
In file included from ../src/main.c:8:0:
../src/udp_client.h:16:25: warning: 'struct netif' declared inside parameter list will not be visible outside of this definition or declaration
 int32_t init_udp(struct netif *server_netif);
                         ^~~~~
../src/udp_client.h:17:1: error: unknown type name 'err_t'
 err_t transfer_udp_packet(void);
 ^~~~~
../src/udp_client.h:18:1: error: unknown type name 'err_t'
 err_t init_udp_transfer(void);
 ^~~~~
../src/main.c: In function 'main':
../src/main.c:41:11: warning: passing argument 1 of 'init_udp' from incompatible pointer type [-Wincompatible-pointer-types]
  init_udp(&netif);
           ^
In file included from ../src/main.c:8:0:
../src/udp_client.h:16:9: note: expected 'struct netif *' but argument is of type 'struct netif *'
 int32_t init_udp(struct netif *server_netif);
         ^~~~~~~~
../src/main.c:55:4: warning: implicit declaration of function 'tcp_fasttmr' [-Wimplicit-function-declaration]
    tcp_fasttmr();
    ^~~~~~~~~~~
../src/main.c:59:4: warning: implicit declaration of function 'tcp_slowtmr' [-Wimplicit-function-declaration]
    tcp_slowtmr();
    ^~~~~~~~~~~
../src/main.c:62:3: warning: implicit declaration of function 'xemacif_input'; did you mean 'netif_input'? [-Wimplicit-function-declaration]
   xemacif_input(&netif);
   ^~~~~~~~~~~~~
   netif_input
../src/main.c:26:10: warning: variable 'status' set but not used [-Wunused-but-set-variable]
  int32_t status = XST_FAILURE;
          ^~~~~~
make: *** [src/main.o] Error 1
src/subdir.mk:33: recipe for target 'src/main.o' failed
12:29:00 **** Auto Build of configuration Debug for project udp_client ****
make pre-build main-build 
a9-linaro-pre-build-step
 
Building file: ../src/main.c
Invoking: ARM v7 gcc compiler
arm-none-eabi-gcc -Wall -O0 -g3 -c -fmessage-length=0 -MT"src/main.o" -mcpu=cortex-a9 -mfpu=vfpv3 -mfloat-abi=hard -I../../udp_client_bsp/ps7_cortexa9_0/include -MMD -MP -MF"src/main.d" -MT"src/main.o" -o "src/main.o" "../src/main.c"
In file included from ../src/main.c:8:0:
../src/udp_client.h:16:25: warning: 'struct netif' declared inside parameter list will not be visible outside of this definition or declaration
 int32_t init_udp(struct netif *server_netif);
                         ^~~~~
../src/udp_client.h:17:1: error: unknown type name 'err_t'
 err_t transfer_udp_packet(void);
 ^~~~~
../src/udp_client.h:18:1: error: unknown type name 'err_t'
 err_t init_udp_transfer(void);
 ^~~~~
../src/main.c: In function 'main':
../src/main.c:33:1: error: unknown type name 's'; did you mean 's8'?
 s
 ^
 s8
../src/main.c:34:11: error: expected declaration specifiers or '...' before '&' token
  init_udp(&netif);
           ^
../src/main.c:48:4: warning: implicit declaration of function 'tcp_fasttmr' [-Wimplicit-function-declaration]
    tcp_fasttmr();
    ^~~~~~~~~~~
../src/main.c:52:4: warning: implicit declaration of function 'tcp_slowtmr' [-Wimplicit-function-declaration]
    tcp_slowtmr();
    ^~~~~~~~~~~
../src/main.c:55:3: warning: implicit declaration of function 'xemacif_input'; did you mean 'netif_input'? [-Wimplicit-function-declaration]
   xemacif_input(&netif);
   ^~~~~~~~~~~~~
   netif_input
../src/main.c:19:10: warning: variable 'status' set but not used [-Wunused-but-set-variable]
  int32_t status = XST_FAILURE;
          ^~~~~~
make: *** [src/main.o] Error 1
src/subdir.mk:33: recipe for target 'src/main.o' failed
12:29:03 **** Auto Build of configuration Debug for project udp_client ****
make pre-build main-build 
a9-linaro-pre-build-step
 
Building file: ../src/main.c
Invoking: ARM v7 gcc compiler
arm-none-eabi-gcc -Wall -O0 -g3 -c -fmessage-length=0 -MT"src/main.o" -mcpu=cortex-a9 -mfpu=vfpv3 -mfloat-abi=hard -I../../udp_client_bsp/ps7_cortexa9_0/include -MMD -MP -MF"src/main.d" -MT"src/main.o" -o "src/main.o" "../src/main.c"
In file included from ../src/main.c:8:0:
../src/udp_client.h:16:25: warning: 'struct netif' declared inside parameter list will not be visible outside of this definition or declaration
 int32_t init_udp(struct netif *server_netif);
                         ^~~~~
../src/udp_client.h:17:1: error: unknown type name 'err_t'
 err_t transfer_udp_packet(void);
 ^~~~~
../src/udp_client.h:18:1: error: unknown type name 'err_t'
 err_t init_udp_transfer(void);
 ^~~~~
../src/main.c: In function 'main':
../src/main.c:34:11: warning: passing argument 1 of 'init_udp' from incompatible pointer type [-Wincompatible-pointer-types]
  init_udp(&netif);
           ^
In file included from ../src/main.c:8:0:
../src/udp_client.h:16:9: note: expected 'struct netif *' but argument is of type 'struct netif *'
 int32_t init_udp(struct netif *server_netif);
         ^~~~~~~~
../src/main.c:48:4: warning: implicit declaration of function 'tcp_fasttmr' [-Wimplicit-function-declaration]
    tcp_fasttmr();
    ^~~~~~~~~~~
../src/main.c:52:4: warning: implicit declaration of function 'tcp_slowtmr' [-Wimplicit-function-declaration]
    tcp_slowtmr();
    ^~~~~~~~~~~
../src/main.c:55:3: warning: implicit declaration of function 'xemacif_input'; did you mean 'netif_input'? [-Wimplicit-function-declaration]
   xemacif_input(&netif);
   ^~~~~~~~~~~~~
   netif_input
../src/main.c:19:10: warning: variable 'status' set but not used [-Wunused-but-set-variable]
  int32_t status = XST_FAILURE;
          ^~~~~~
make: *** [src/main.o] Error 1
src/subdir.mk:33: recipe for target 'src/main.o' failed
12:29:05 **** Incremental Build of configuration Debug for project udp_client ****
make pre-build main-build 
a9-linaro-pre-build-step
 
Building file: ../src/main.c
Invoking: ARM v7 gcc compiler
arm-none-eabi-gcc -Wall -O0 -g3 -c -fmessage-length=0 -MT"src/main.o" -mcpu=cortex-a9 -mfpu=vfpv3 -mfloat-abi=hard -I../../udp_client_bsp/ps7_cortexa9_0/include -MMD -MP -MF"src/main.d" -MT"src/main.o" -o "src/main.o" "../src/main.c"
In file included from ../src/main.c:8:0:
../src/udp_client.h:16:25: warning: 'struct netif' declared inside parameter list will not be visible outside of this definition or declaration
 int32_t init_udp(struct netif *server_netif);
                         ^~~~~
../src/udp_client.h:17:1: error: unknown type name 'err_t'
 err_t transfer_udp_packet(void);
 ^~~~~
../src/udp_client.h:18:1: error: unknown type name 'err_t'
 err_t init_udp_transfer(void);
 ^~~~~
../src/main.c: In function 'main':
../src/main.c:34:11: warning: passing argument 1 of 'init_udp' from incompatible pointer type [-Wincompatible-pointer-types]
  init_udp(&netif);
           ^
In file included from ../src/main.c:8:0:
../src/udp_client.h:16:9: note: expected 'struct netif *' but argument is of type 'struct netif *'
 int32_t init_udp(struct netif *server_netif);
         ^~~~~~~~
../src/main.c:48:4: warning: implicit declaration of function 'tcp_fasttmr' [-Wimplicit-function-declaration]
    tcp_fasttmr();
    ^~~~~~~~~~~
../src/main.c:52:4: warning: implicit declaration of function 'tcp_slowtmr' [-Wimplicit-function-declaration]
    tcp_slowtmr();
    ^~~~~~~~~~~
../src/main.c:55:3: warning: implicit declaration of function 'xemacif_input'; did you mean 'netif_input'? [-Wimplicit-function-declaration]
   xemacif_input(&netif);
   ^~~~~~~~~~~~~
   netif_input
../src/main.c:19:10: warning: variable 'status' set but not used [-Wunused-but-set-variable]
  int32_t status = XST_FAILURE;
          ^~~~~~
src/subdir.mk:33: recipe for target 'src/main.o' failed
make: *** [src/main.o] Error 1
12:29:06 **** Incremental Build of configuration Debug for project udp_server ****
make pre-build main-build 
a9-linaro-pre-build-step
 
make: Nothing to be done for 'main-build'.
12:29:28 **** Auto Build of configuration Debug for project udp_client ****
make pre-build main-build 
a9-linaro-pre-build-step
 
Building file: ../src/main.c
Invoking: ARM v7 gcc compiler
arm-none-eabi-gcc -Wall -O0 -g3 -c -fmessage-length=0 -MT"src/main.o" -mcpu=cortex-a9 -mfpu=vfpv3 -mfloat-abi=hard -I../../udp_client_bsp/ps7_cortexa9_0/include -MMD -MP -MF"src/main.d" -MT"src/main.o" -o "src/main.o" "../src/main.c"
In file included from ../src/main.c:8:0:
../src/udp_client.h:16:25: warning: 'struct netif' declared inside parameter list will not be visible outside of this definition or declaration
 int32_t init_udp(struct netif *server_netif);
                         ^~~~~
../src/udp_client.h:17:1: error: unknown type name 'err_t'
 err_t transfer_udp_packet(void);
 ^~~~~
../src/udp_client.h:18:1: error: unknown type name 'err_t'
 err_t init_udp_transfer(void);
 ^~~~~
../src/main.c: In function 'main':
../src/main.c:41:11: warning: passing argument 1 of 'init_udp' from incompatible pointer type [-Wincompatible-pointer-types]
  init_udp(&netif);
           ^
In file included from ../src/main.c:8:0:
../src/udp_client.h:16:9: note: expected 'struct netif *' but argument is of type 'struct netif *'
 int32_t init_udp(struct netif *server_netif);
         ^~~~~~~~
../src/main.c:26:10: warning: variable 'status' set but not used [-Wunused-but-set-variable]
  int32_t status = XST_FAILURE;
          ^~~~~~
src/subdir.mk:33: recipe for target 'src/main.o' failed
make: *** [src/main.o] Error 1
12:29:31 **** Incremental Build of configuration Debug for project udp_client ****
make pre-build main-build 
a9-linaro-pre-build-step
 
Building file: ../src/main.c
Invoking: ARM v7 gcc compiler
arm-none-eabi-gcc -Wall -O0 -g3 -c -fmessage-length=0 -MT"src/main.o" -mcpu=cortex-a9 -mfpu=vfpv3 -mfloat-abi=hard -I../../udp_client_bsp/ps7_cortexa9_0/include -MMD -MP -MF"src/main.d" -MT"src/main.o" -o "src/main.o" "../src/main.c"
In file included from ../src/main.c:8:0:
../src/udp_client.h:16:25: warning: 'struct netif' declared inside parameter list will not be visible outside of this definition or declaration
 int32_t init_udp(struct netif *server_netif);
                         ^~~~~
../src/udp_client.h:17:1: error: unknown type name 'err_t'
 err_t transfer_udp_packet(void);
 ^~~~~
../src/udp_client.h:18:1: error: unknown type name 'err_t'
 err_t init_udp_transfer(void);
 ^~~~~
../src/main.c: In function 'main':
../src/main.c:41:11: warning: passing argument 1 of 'init_udp' from incompatible pointer type [-Wincompatible-pointer-types]
  init_udp(&netif);
           ^
In file included from ../src/main.c:8:0:
../src/udp_client.h:16:9: note: expected 'struct netif *' but argument is of type 'struct netif *'
 int32_t init_udp(struct netif *server_netif);
         ^~~~~~~~
../src/main.c:26:10: warning: variable 'status' set but not used [-Wunused-but-set-variable]
  int32_t status = XST_FAILURE;
          ^~~~~~
make: *** [src/main.o] Error 1
src/subdir.mk:33: recipe for target 'src/main.o' failed
12:29:31 **** Incremental Build of configuration Debug for project udp_server ****
make pre-build main-build 
a9-linaro-pre-build-step
 
make: Nothing to be done for 'main-build'.
12:29:36 **** Incremental Build of configuration Debug for project udp_client ****
make pre-build main-build 
a9-linaro-pre-build-step
 
Building file: ../src/main.c
Invoking: ARM v7 gcc compiler
arm-none-eabi-gcc -Wall -O0 -g3 -c -fmessage-length=0 -MT"src/main.o" -mcpu=cortex-a9 -mfpu=vfpv3 -mfloat-abi=hard -I../../udp_client_bsp/ps7_cortexa9_0/include -MMD -MP -MF"src/main.d" -MT"src/main.o" -o "src/main.o" "../src/main.c"
In file included from ../src/main.c:8:0:
../src/udp_client.h:16:25: warning: 'struct netif' declared inside parameter list will not be visible outside of this definition or declaration
 int32_t init_udp(struct netif *server_netif);
                         ^~~~~
../src/udp_client.h:17:1: error: unknown type name 'err_t'
 err_t transfer_udp_packet(void);
 ^~~~~
../src/udp_client.h:18:1: error: unknown type name 'err_t'
 err_t init_udp_transfer(void);
 ^~~~~
../src/main.c: In function 'main':
../src/main.c:41:11: warning: passing argument 1 of 'init_udp' from incompatible pointer type [-Wincompatible-pointer-types]
  init_udp(&netif);
           ^
In file included from ../src/main.c:8:0:
../src/udp_client.h:16:9: note: expected 'struct netif *' but argument is of type 'struct netif *'
 int32_t init_udp(struct netif *server_netif);
         ^~~~~~~~
../src/main.c:26:10: warning: variable 'status' set but not used [-Wunused-but-set-variable]
  int32_t status = XST_FAILURE;
          ^~~~~~
make: *** [src/main.o] Error 1
src/subdir.mk:33: recipe for target 'src/main.o' failed
12:29:36 **** Incremental Build of configuration Debug for project udp_server ****
make pre-build main-build 
a9-linaro-pre-build-step
 
make: Nothing to be done for 'main-build'.
12:30:05 **** Auto Build of configuration Debug for project udp_client ****
make pre-build main-build 
a9-linaro-pre-build-step
 
Building file: ../src/main.c
Invoking: ARM v7 gcc compiler
arm-none-eabi-gcc -Wall -O0 -g3 -c -fmessage-length=0 -MT"src/main.o" -mcpu=cortex-a9 -mfpu=vfpv3 -mfloat-abi=hard -I../../udp_client_bsp/ps7_cortexa9_0/include -MMD -MP -MF"src/main.d" -MT"src/main.o" -o "src/main.o" "../src/main.c"
../src/main.c: In function 'main':
../src/main.c:26:10: warning: variable 'status' set but not used [-Wunused-but-set-variable]
  int32_t status = XST_FAILURE;
          ^~~~~~
Finished building: ../src/main.c
 
Building file: ../src/udp_client.c
Invoking: ARM v7 gcc compiler
arm-none-eabi-gcc -Wall -O0 -g3 -c -fmessage-length=0 -MT"src/udp_client.o" -mcpu=cortex-a9 -mfpu=vfpv3 -mfloat-abi=hard -I../../udp_client_bsp/ps7_cortexa9_0/include -MMD -MP -MF"src/udp_client.d" -MT"src/udp_client.o" -o "src/udp_client.o" "../src/udp_client.c"
../src/udp_client.c: In function 'send_udp_packet':
../src/udp_client.c:82:27: warning: pointer targets in initialization differ in signedness [-Wpointer-sign]
  const int8_t *send_buf = "ready"; //TODO:
                           ^~~~~~~
../src/udp_client.c:86:33: warning: pointer targets in passing argument 1 of 'strlen' differ in signedness [-Wpointer-sign]
  size_t send_buf_size = (strlen(send_buf) + 1);//TODO:
                                 ^~~~~~~~
In file included from /opt/tools/Xilinx/SDK/2018.3/gnu/aarch32/lin/gcc-arm-none-eabi/arm-none-eabi/libc/usr/include/ctype.h:4:0,
                 from ../../udp_client_bsp/ps7_cortexa9_0/include/xil_printf.h:8,
                 from ../../udp_client_bsp/ps7_cortexa9_0/include/xil_io.h:61,
                 from ../../udp_client_bsp/ps7_cortexa9_0/include/sleep.h:52,
                 from ../src/udp_client.c:1:
/opt/tools/Xilinx/SDK/2018.3/gnu/aarch32/lin/gcc-arm-none-eabi/arm-none-eabi/libc/usr/include/string.h:33:9: note: expected 'const char *' but argument is of type 'const int8_t * {aka const signed char *}'
 size_t  _EXFUN(strlen,(const char *));
         ^
Finished building: ../src/udp_client.c
 
Building target: udp_client.elf
Invoking: ARM v7 gcc linker
arm-none-eabi-gcc -mcpu=cortex-a9 -mfpu=vfpv3 -mfloat-abi=hard -Wl,-build-id=none -specs=Xilinx.spec -Wl,-T -Wl,../src/lscript.ld -L../../udp_client_bsp/ps7_cortexa9_0/lib -o "udp_client.elf"  ./src/i2c_access.o ./src/main.o ./src/platform.o ./src/si5324.o ./src/udp_client.o   -Wl,--start-group,-lxil,-lgcc,-lc,--end-group -Wl,--start-group,-lxil,-llwip4,-lgcc,-lc,--end-group
Finished building target: udp_client.elf
 
Invoking: ARM v7 Print Size
arm-none-eabi-size udp_client.elf  |tee "udp_client.elf.size"
   text	   data	    bss	    dec	    hex	filename
 121484	   3520	30114560	30239564	1cd6b4c	udp_client.elf
Finished building: udp_client.elf.size
 
12:30:09 **** Auto Build of configuration Debug for project udp_client ****
make pre-build main-build 
a9-linaro-pre-build-step
 
Building file: ../src/main.c
Invoking: ARM v7 gcc compiler
arm-none-eabi-gcc -Wall -O0 -g3 -c -fmessage-length=0 -MT"src/main.o" -mcpu=cortex-a9 -mfpu=vfpv3 -mfloat-abi=hard -I../../udp_client_bsp/ps7_cortexa9_0/include -MMD -MP -MF"src/main.d" -MT"src/main.o" -o "src/main.o" "../src/main.c"
../src/main.c: In function 'main':
../src/main.c:17:10: warning: variable 'status' set but not used [-Wunused-but-set-variable]
  int32_t status = XST_FAILURE;
          ^~~~~~
Finished building: ../src/main.c
 
Building target: udp_client.elf
Invoking: ARM v7 gcc linker
arm-none-eabi-gcc -mcpu=cortex-a9 -mfpu=vfpv3 -mfloat-abi=hard -Wl,-build-id=none -specs=Xilinx.spec -Wl,-T -Wl,../src/lscript.ld -L../../udp_client_bsp/ps7_cortexa9_0/lib -o "udp_client.elf"  ./src/i2c_access.o ./src/main.o ./src/platform.o ./src/si5324.o ./src/udp_client.o   -Wl,--start-group,-lxil,-lgcc,-lc,--end-group -Wl,--start-group,-lxil,-llwip4,-lgcc,-lc,--end-group
Finished building target: udp_client.elf
 
Invoking: ARM v7 Print Size
arm-none-eabi-size udp_client.elf  |tee "udp_client.elf.size"
   text	   data	    bss	    dec	    hex	filename
 121484	   3520	30114560	30239564	1cd6b4c	udp_client.elf
Finished building: udp_client.elf.size
 
12:30:24 **** Auto Build of configuration Debug for project udp_client ****
make pre-build main-build 
a9-linaro-pre-build-step
 
Building file: ../src/main.c
Invoking: ARM v7 gcc compiler
arm-none-eabi-gcc -Wall -O0 -g3 -c -fmessage-length=0 -MT"src/main.o" -mcpu=cortex-a9 -mfpu=vfpv3 -mfloat-abi=hard -I../../udp_client_bsp/ps7_cortexa9_0/include -MMD -MP -MF"src/main.d" -MT"src/main.o" -o "src/main.o" "../src/main.c"
../src/main.c: In function 'main':
../src/main.c:46:4: warning: implicit declaration of function 'tcp_fasttmr' [-Wimplicit-function-declaration]
    tcp_fasttmr();
    ^~~~~~~~~~~
../src/main.c:50:4: warning: implicit declaration of function 'tcp_slowtmr' [-Wimplicit-function-declaration]
    tcp_slowtmr();
    ^~~~~~~~~~~
../src/main.c:53:3: warning: implicit declaration of function 'xemacif_input'; did you mean 'netif_input'? [-Wimplicit-function-declaration]
   xemacif_input(&netif);
   ^~~~~~~~~~~~~
   netif_input
../src/main.c:17:10: warning: variable 'status' set but not used [-Wunused-but-set-variable]
  int32_t status = XST_FAILURE;
          ^~~~~~
Finished building: ../src/main.c
 
Building file: ../src/udp_client.c
Invoking: ARM v7 gcc compiler
arm-none-eabi-gcc -Wall -O0 -g3 -c -fmessage-length=0 -MT"src/udp_client.o" -mcpu=cortex-a9 -mfpu=vfpv3 -mfloat-abi=hard -I../../udp_client_bsp/ps7_cortexa9_0/include -MMD -MP -MF"src/udp_client.d" -MT"src/udp_client.o" -o "src/udp_client.o" "../src/udp_client.c"
../src/udp_client.c: In function 'send_udp_packet':
../src/udp_client.c:82:27: warning: pointer targets in initialization differ in signedness [-Wpointer-sign]
  const int8_t *send_buf = "ready"; //TODO:
                           ^~~~~~~
../src/udp_client.c:86:33: warning: pointer targets in passing argument 1 of 'strlen' differ in signedness [-Wpointer-sign]
  size_t send_buf_size = (strlen(send_buf) + 1);//TODO:
                                 ^~~~~~~~
In file included from /opt/tools/Xilinx/SDK/2018.3/gnu/aarch32/lin/gcc-arm-none-eabi/arm-none-eabi/libc/usr/include/ctype.h:4:0,
                 from ../../udp_client_bsp/ps7_cortexa9_0/include/xil_printf.h:8,
                 from ../../udp_client_bsp/ps7_cortexa9_0/include/xil_io.h:61,
                 from ../../udp_client_bsp/ps7_cortexa9_0/include/sleep.h:52,
                 from ../src/udp_client.c:1:
/opt/tools/Xilinx/SDK/2018.3/gnu/aarch32/lin/gcc-arm-none-eabi/arm-none-eabi/libc/usr/include/string.h:33:9: note: expected 'const char *' but argument is of type 'const int8_t * {aka const signed char *}'
 size_t  _EXFUN(strlen,(const char *));
         ^
Finished building: ../src/udp_client.c
 
Building target: udp_client.elf
Invoking: ARM v7 gcc linker
arm-none-eabi-gcc -mcpu=cortex-a9 -mfpu=vfpv3 -mfloat-abi=hard -Wl,-build-id=none -specs=Xilinx.spec -Wl,-T -Wl,../src/lscript.ld -L../../udp_client_bsp/ps7_cortexa9_0/lib -o "udp_client.elf"  ./src/i2c_access.o ./src/main.o ./src/platform.o ./src/si5324.o ./src/udp_client.o   -Wl,--start-group,-lxil,-lgcc,-lc,--end-group -Wl,--start-group,-lxil,-llwip4,-lgcc,-lc,--end-group
Finished building target: udp_client.elf
 
Invoking: ARM v7 Print Size
arm-none-eabi-size udp_client.elf  |tee "udp_client.elf.size"
   text	   data	    bss	    dec	    hex	filename
 121484	   3520	30114560	30239564	1cd6b4c	udp_client.elf
Finished building: udp_client.elf.size
 
12:30:25 **** Incremental Build of configuration Debug for project udp_client ****
make pre-build main-build 
a9-linaro-pre-build-step
 
make: Nothing to be done for 'main-build'.
12:30:25 **** Incremental Build of configuration Debug for project udp_server ****
make pre-build main-build 
a9-linaro-pre-build-step
 
make: Nothing to be done for 'main-build'.
12:31:00 **** Auto Build of configuration Debug for project udp_client ****
make pre-build main-build 
a9-linaro-pre-build-step
 
Building file: ../src/udp_client.c
Invoking: ARM v7 gcc compiler
arm-none-eabi-gcc -Wall -O0 -g3 -c -fmessage-length=0 -MT"src/udp_client.o" -mcpu=cortex-a9 -mfpu=vfpv3 -mfloat-abi=hard -I../../udp_client_bsp/ps7_cortexa9_0/include -MMD -MP -MF"src/udp_client.d" -MT"src/udp_client.o" -o "src/udp_client.o" "../src/udp_client.c"
../src/udp_client.c: In function 'init_udp':
../src/udp_client.c:28:14: warning: implicit declaration of function 'xemac_add'; did you mean 'netif_add'? [-Wimplicit-function-declaration]
  if (NULL == xemac_add(server_netif, NULL, NULL, NULL,
              ^~~~~~~~~
              netif_add
../src/udp_client.c:28:11: warning: comparison between pointer and integer
  if (NULL == xemac_add(server_netif, NULL, NULL, NULL,
           ^~
../src/udp_client.c: In function 'send_udp_packet':
../src/udp_client.c:80:27: warning: pointer targets in initialization differ in signedness [-Wpointer-sign]
  const int8_t *send_buf = "ready"; //TODO:
                           ^~~~~~~
../src/udp_client.c:84:33: warning: pointer targets in passing argument 1 of 'strlen' differ in signedness [-Wpointer-sign]
  size_t send_buf_size = (strlen(send_buf) + 1);//TODO:
                                 ^~~~~~~~
In file included from /opt/tools/Xilinx/SDK/2018.3/gnu/aarch32/lin/gcc-arm-none-eabi/arm-none-eabi/libc/usr/include/ctype.h:4:0,
                 from ../../udp_client_bsp/ps7_cortexa9_0/include/xil_printf.h:8,
                 from ../../udp_client_bsp/ps7_cortexa9_0/include/xil_io.h:61,
                 from ../../udp_client_bsp/ps7_cortexa9_0/include/sleep.h:52,
                 from ../src/udp_client.c:1:
/opt/tools/Xilinx/SDK/2018.3/gnu/aarch32/lin/gcc-arm-none-eabi/arm-none-eabi/libc/usr/include/string.h:33:9: note: expected 'const char *' but argument is of type 'const int8_t * {aka const signed char *}'
 size_t  _EXFUN(strlen,(const char *));
         ^
Finished building: ../src/udp_client.c
 
Building target: udp_client.elf
Invoking: ARM v7 gcc linker
arm-none-eabi-gcc -mcpu=cortex-a9 -mfpu=vfpv3 -mfloat-abi=hard -Wl,-build-id=none -specs=Xilinx.spec -Wl,-T -Wl,../src/lscript.ld -L../../udp_client_bsp/ps7_cortexa9_0/lib -o "udp_client.elf"  ./src/i2c_access.o ./src/main.o ./src/platform.o ./src/si5324.o ./src/udp_client.o   -Wl,--start-group,-lxil,-lgcc,-lc,--end-group -Wl,--start-group,-lxil,-llwip4,-lgcc,-lc,--end-group
Finished building target: udp_client.elf
 
Invoking: ARM v7 Print Size
arm-none-eabi-size udp_client.elf  |tee "udp_client.elf.size"
   text	   data	    bss	    dec	    hex	filename
 121484	   3520	30114560	30239564	1cd6b4c	udp_client.elf
Finished building: udp_client.elf.size
 
12:31:01 **** Incremental Build of configuration Debug for project udp_client ****
make pre-build main-build 
a9-linaro-pre-build-step
 
make: Nothing to be done for 'main-build'.
12:31:02 **** Incremental Build of configuration Debug for project udp_server ****
make pre-build main-build 
a9-linaro-pre-build-step
 
make: Nothing to be done for 'main-build'.
12:31:06 **** Auto Build of configuration Debug for project udp_client ****
make pre-build main-build 
a9-linaro-pre-build-step
 
Building file: ../src/udp_client.c
Invoking: ARM v7 gcc compiler
arm-none-eabi-gcc -Wall -O0 -g3 -c -fmessage-length=0 -MT"src/udp_client.o" -mcpu=cortex-a9 -mfpu=vfpv3 -mfloat-abi=hard -I../../udp_client_bsp/ps7_cortexa9_0/include -MMD -MP -MF"src/udp_client.d" -MT"src/udp_client.o" -o "src/udp_client.o" "../src/udp_client.c"
../src/udp_client.c: In function 'init_udp':
../src/udp_client.c:28:14: warning: implicit declaration of function 'xemac_add'; did you mean 'netif_add'? [-Wimplicit-function-declaration]
  if (NULL == xemac_add(server_netif, NULL, NULL, NULL,
              ^~~~~~~~~
              netif_add
../src/udp_client.c:28:11: warning: comparison between pointer and integer
  if (NULL == xemac_add(server_netif, NULL, NULL, NULL,
           ^~
../src/udp_client.c: In function 'send_udp_packet':
../src/udp_client.c:80:27: warning: pointer targets in initialization differ in signedness [-Wpointer-sign]
  const int8_t *send_buf = "ready"; //TODO:
                           ^~~~~~~
../src/udp_client.c:84:33: warning: pointer targets in passing argument 1 of 'strlen' differ in signedness [-Wpointer-sign]
  size_t send_buf_size = (strlen(send_buf) + 1);//TODO:
                                 ^~~~~~~~
In file included from /opt/tools/Xilinx/SDK/2018.3/gnu/aarch32/lin/gcc-arm-none-eabi/arm-none-eabi/libc/usr/include/ctype.h:4:0,
                 from ../../udp_client_bsp/ps7_cortexa9_0/include/xil_printf.h:8,
                 from ../../udp_client_bsp/ps7_cortexa9_0/include/xil_io.h:61,
                 from ../../udp_client_bsp/ps7_cortexa9_0/include/sleep.h:52,
                 from ../src/udp_client.c:1:
/opt/tools/Xilinx/SDK/2018.3/gnu/aarch32/lin/gcc-arm-none-eabi/arm-none-eabi/libc/usr/include/string.h:33:9: note: expected 'const char *' but argument is of type 'const int8_t * {aka const signed char *}'
 size_t  _EXFUN(strlen,(const char *));
         ^
Finished building: ../src/udp_client.c
 
Building target: udp_client.elf
Invoking: ARM v7 gcc linker
arm-none-eabi-gcc -mcpu=cortex-a9 -mfpu=vfpv3 -mfloat-abi=hard -Wl,-build-id=none -specs=Xilinx.spec -Wl,-T -Wl,../src/lscript.ld -L../../udp_client_bsp/ps7_cortexa9_0/lib -o "udp_client.elf"  ./src/i2c_access.o ./src/main.o ./src/platform.o ./src/si5324.o ./src/udp_client.o   -Wl,--start-group,-lxil,-lgcc,-lc,--end-group -Wl,--start-group,-lxil,-llwip4,-lgcc,-lc,--end-group
Finished building target: udp_client.elf
 
Invoking: ARM v7 Print Size
arm-none-eabi-size udp_client.elf  |tee "udp_client.elf.size"
   text	   data	    bss	    dec	    hex	filename
 121484	   3520	30114560	30239564	1cd6b4c	udp_client.elf
Finished building: udp_client.elf.size
 
12:32:07 **** Auto Build of configuration Debug for project udp_client ****
make pre-build main-build 
a9-linaro-pre-build-step
 
Building file: ../src/udp_client.c
Invoking: ARM v7 gcc compiler
arm-none-eabi-gcc -Wall -O0 -g3 -c -fmessage-length=0 -MT"src/udp_client.o" -mcpu=cortex-a9 -mfpu=vfpv3 -mfloat-abi=hard -I../../udp_client_bsp/ps7_cortexa9_0/include -MMD -MP -MF"src/udp_client.d" -MT"src/udp_client.o" -o "src/udp_client.o" "../src/udp_client.c"
../src/udp_client.c: In function 'init_udp':
../src/udp_client.c:28:3: warning: implicit declaration of function 'xemac_add'; did you mean 'netif_add'? [-Wimplicit-function-declaration]
   xemac_add(server_netif, NULL, NULL, NULL,
   ^~~~~~~~~
   netif_add
../src/udp_client.c: In function 'send_udp_packet':
../src/udp_client.c:80:27: warning: pointer targets in initialization differ in signedness [-Wpointer-sign]
  const int8_t *send_buf = "ready"; //TODO:
                           ^~~~~~~
../src/udp_client.c:84:33: warning: pointer targets in passing argument 1 of 'strlen' differ in signedness [-Wpointer-sign]
  size_t send_buf_size = (strlen(send_buf) + 1);//TODO:
                                 ^~~~~~~~
In file included from /opt/tools/Xilinx/SDK/2018.3/gnu/aarch32/lin/gcc-arm-none-eabi/arm-none-eabi/libc/usr/include/ctype.h:4:0,
                 from ../../udp_client_bsp/ps7_cortexa9_0/include/xil_printf.h:8,
                 from ../../udp_client_bsp/ps7_cortexa9_0/include/xil_io.h:61,
                 from ../../udp_client_bsp/ps7_cortexa9_0/include/sleep.h:52,
                 from ../src/udp_client.c:1:
/opt/tools/Xilinx/SDK/2018.3/gnu/aarch32/lin/gcc-arm-none-eabi/arm-none-eabi/libc/usr/include/string.h:33:9: note: expected 'const char *' but argument is of type 'const int8_t * {aka const signed char *}'
 size_t  _EXFUN(strlen,(const char *));
         ^
Finished building: ../src/udp_client.c
 
Building target: udp_client.elf
Invoking: ARM v7 gcc linker
arm-none-eabi-gcc -mcpu=cortex-a9 -mfpu=vfpv3 -mfloat-abi=hard -Wl,-build-id=none -specs=Xilinx.spec -Wl,-T -Wl,../src/lscript.ld -L../../udp_client_bsp/ps7_cortexa9_0/lib -o "udp_client.elf"  ./src/i2c_access.o ./src/main.o ./src/platform.o ./src/si5324.o ./src/udp_client.o   -Wl,--start-group,-lxil,-lgcc,-lc,--end-group -Wl,--start-group,-lxil,-llwip4,-lgcc,-lc,--end-group
Finished building target: udp_client.elf
 
Invoking: ARM v7 Print Size
arm-none-eabi-size udp_client.elf  |tee "udp_client.elf.size"
   text	   data	    bss	    dec	    hex	filename
 120624	   3520	30114560	30238704	1cd67f0	udp_client.elf
Finished building: udp_client.elf.size
 
12:32:09 **** Incremental Build of configuration Debug for project udp_client ****
make pre-build main-build 
a9-linaro-pre-build-step
 
make: Nothing to be done for 'main-build'.
12:32:09 **** Incremental Build of configuration Debug for project udp_server ****
make pre-build main-build 
a9-linaro-pre-build-step
 
make: Nothing to be done for 'main-build'.
12:32:12 **** Auto Build of configuration Debug for project udp_client ****
make pre-build main-build 
a9-linaro-pre-build-step
 
Building file: ../src/udp_client.c
Invoking: ARM v7 gcc compiler
arm-none-eabi-gcc -Wall -O0 -g3 -c -fmessage-length=0 -MT"src/udp_client.o" -mcpu=cortex-a9 -mfpu=vfpv3 -mfloat-abi=hard -I../../udp_client_bsp/ps7_cortexa9_0/include -MMD -MP -MF"src/udp_client.d" -MT"src/udp_client.o" -o "src/udp_client.o" "../src/udp_client.c"
../src/udp_client.c: In function 'init_udp':
../src/udp_client.c:28:3: warning: implicit declaration of function 'xemac_add'; did you mean 'netif_add'? [-Wimplicit-function-declaration]
   xemac_add(server_netif, NULL, NULL, NULL,
   ^~~~~~~~~
   netif_add
../src/udp_client.c: In function 'send_udp_packet':
../src/udp_client.c:80:27: warning: pointer targets in initialization differ in signedness [-Wpointer-sign]
  const int8_t *send_buf = "ready"; //TODO:
                           ^~~~~~~
../src/udp_client.c:84:33: warning: pointer targets in passing argument 1 of 'strlen' differ in signedness [-Wpointer-sign]
  size_t send_buf_size = (strlen(send_buf) + 1);//TODO:
                                 ^~~~~~~~
In file included from /opt/tools/Xilinx/SDK/2018.3/gnu/aarch32/lin/gcc-arm-none-eabi/arm-none-eabi/libc/usr/include/ctype.h:4:0,
                 from ../../udp_client_bsp/ps7_cortexa9_0/include/xil_printf.h:8,
                 from ../../udp_client_bsp/ps7_cortexa9_0/include/xil_io.h:61,
                 from ../../udp_client_bsp/ps7_cortexa9_0/include/sleep.h:52,
                 from ../src/udp_client.c:1:
/opt/tools/Xilinx/SDK/2018.3/gnu/aarch32/lin/gcc-arm-none-eabi/arm-none-eabi/libc/usr/include/string.h:33:9: note: expected 'const char *' but argument is of type 'const int8_t * {aka const signed char *}'
 size_t  _EXFUN(strlen,(const char *));
         ^
Finished building: ../src/udp_client.c
 
Building target: udp_client.elf
Invoking: ARM v7 gcc linker
arm-none-eabi-gcc -mcpu=cortex-a9 -mfpu=vfpv3 -mfloat-abi=hard -Wl,-build-id=none -specs=Xilinx.spec -Wl,-T -Wl,../src/lscript.ld -L../../udp_client_bsp/ps7_cortexa9_0/lib -o "udp_client.elf"  ./src/i2c_access.o ./src/main.o ./src/platform.o ./src/si5324.o ./src/udp_client.o   -Wl,--start-group,-lxil,-lgcc,-lc,--end-group -Wl,--start-group,-lxil,-llwip4,-lgcc,-lc,--end-group
Finished building target: udp_client.elf
 
Invoking: ARM v7 Print Size
arm-none-eabi-size udp_client.elf  |tee "udp_client.elf.size"
   text	   data	    bss	    dec	    hex	filename
 120624	   3520	30114560	30238704	1cd67f0	udp_client.elf
Finished building: udp_client.elf.size
 
12:32:26 **** Auto Build of configuration Debug for project udp_client ****
make pre-build main-build 
a9-linaro-pre-build-step
 
Building file: ../src/main.c
Invoking: ARM v7 gcc compiler
arm-none-eabi-gcc -Wall -O0 -g3 -c -fmessage-length=0 -MT"src/main.o" -mcpu=cortex-a9 -mfpu=vfpv3 -mfloat-abi=hard -I../../udp_client_bsp/ps7_cortexa9_0/include -MMD -MP -MF"src/main.d" -MT"src/main.o" -o "src/main.o" "../src/main.c"
../src/main.c: In function 'main':
../src/main.c:46:4: warning: implicit declaration of function 'tcp_fasttmr' [-Wimplicit-function-declaration]
    tcp_fasttmr();
    ^~~~~~~~~~~
../src/main.c:50:4: warning: implicit declaration of function 'tcp_slowtmr' [-Wimplicit-function-declaration]
    tcp_slowtmr();
    ^~~~~~~~~~~
../src/main.c:17:10: warning: variable 'status' set but not used [-Wunused-but-set-variable]
  int32_t status = XST_FAILURE;
          ^~~~~~
Finished building: ../src/main.c
 
Building file: ../src/udp_client.c
Invoking: ARM v7 gcc compiler
arm-none-eabi-gcc -Wall -O0 -g3 -c -fmessage-length=0 -MT"src/udp_client.o" -mcpu=cortex-a9 -mfpu=vfpv3 -mfloat-abi=hard -I../../udp_client_bsp/ps7_cortexa9_0/include -MMD -MP -MF"src/udp_client.d" -MT"src/udp_client.o" -o "src/udp_client.o" "../src/udp_client.c"
../src/udp_client.c: In function 'send_udp_packet':
../src/udp_client.c:80:27: warning: pointer targets in initialization differ in signedness [-Wpointer-sign]
  const int8_t *send_buf = "ready"; //TODO:
                           ^~~~~~~
../src/udp_client.c:84:33: warning: pointer targets in passing argument 1 of 'strlen' differ in signedness [-Wpointer-sign]
  size_t send_buf_size = (strlen(send_buf) + 1);//TODO:
                                 ^~~~~~~~
In file included from /opt/tools/Xilinx/SDK/2018.3/gnu/aarch32/lin/gcc-arm-none-eabi/arm-none-eabi/libc/usr/include/ctype.h:4:0,
                 from ../../udp_client_bsp/ps7_cortexa9_0/include/xil_printf.h:8,
                 from ../../udp_client_bsp/ps7_cortexa9_0/include/xil_io.h:61,
                 from ../../udp_client_bsp/ps7_cortexa9_0/include/sleep.h:52,
                 from ../src/udp_client.c:1:
/opt/tools/Xilinx/SDK/2018.3/gnu/aarch32/lin/gcc-arm-none-eabi/arm-none-eabi/libc/usr/include/string.h:33:9: note: expected 'const char *' but argument is of type 'const int8_t * {aka const signed char *}'
 size_t  _EXFUN(strlen,(const char *));
         ^
Finished building: ../src/udp_client.c
 
Building target: udp_client.elf
Invoking: ARM v7 gcc linker
arm-none-eabi-gcc -mcpu=cortex-a9 -mfpu=vfpv3 -mfloat-abi=hard -Wl,-build-id=none -specs=Xilinx.spec -Wl,-T -Wl,../src/lscript.ld -L../../udp_client_bsp/ps7_cortexa9_0/lib -o "udp_client.elf"  ./src/i2c_access.o ./src/main.o ./src/platform.o ./src/si5324.o ./src/udp_client.o   -Wl,--start-group,-lxil,-lgcc,-lc,--end-group -Wl,--start-group,-lxil,-llwip4,-lgcc,-lc,--end-group
Finished building target: udp_client.elf
 
Invoking: ARM v7 Print Size
arm-none-eabi-size udp_client.elf  |tee "udp_client.elf.size"
   text	   data	    bss	    dec	    hex	filename
 120624	   3520	30114560	30238704	1cd67f0	udp_client.elf
Finished building: udp_client.elf.size
 
12:32:27 **** Auto Build of configuration Debug for project udp_client ****
make pre-build main-build 
a9-linaro-pre-build-step
 
Building file: ../src/udp_client.c
Invoking: ARM v7 gcc compiler
arm-none-eabi-gcc -Wall -O0 -g3 -c -fmessage-length=0 -MT"src/udp_client.o" -mcpu=cortex-a9 -mfpu=vfpv3 -mfloat-abi=hard -I../../udp_client_bsp/ps7_cortexa9_0/include -MMD -MP -MF"src/udp_client.d" -MT"src/udp_client.o" -o "src/udp_client.o" "../src/udp_client.c"
../src/udp_client.c: In function 'send_udp_packet':
../src/udp_client.c:80:27: warning: pointer targets in initialization differ in signedness [-Wpointer-sign]
  const int8_t *send_buf = "ready"; //TODO:
                           ^~~~~~~
../src/udp_client.c:84:33: warning: pointer targets in passing argument 1 of 'strlen' differ in signedness [-Wpointer-sign]
  size_t send_buf_size = (strlen(send_buf) + 1);//TODO:
                                 ^~~~~~~~
In file included from /opt/tools/Xilinx/SDK/2018.3/gnu/aarch32/lin/gcc-arm-none-eabi/arm-none-eabi/libc/usr/include/ctype.h:4:0,
                 from ../../udp_client_bsp/ps7_cortexa9_0/include/xil_printf.h:8,
                 from ../../udp_client_bsp/ps7_cortexa9_0/include/xil_io.h:61,
                 from ../../udp_client_bsp/ps7_cortexa9_0/include/sleep.h:52,
                 from ../src/udp_client.c:1:
/opt/tools/Xilinx/SDK/2018.3/gnu/aarch32/lin/gcc-arm-none-eabi/arm-none-eabi/libc/usr/include/string.h:33:9: note: expected 'const char *' but argument is of type 'const int8_t * {aka const signed char *}'
 size_t  _EXFUN(strlen,(const char *));
         ^
Finished building: ../src/udp_client.c
 
Building target: udp_client.elf
Invoking: ARM v7 gcc linker
arm-none-eabi-gcc -mcpu=cortex-a9 -mfpu=vfpv3 -mfloat-abi=hard -Wl,-build-id=none -specs=Xilinx.spec -Wl,-T -Wl,../src/lscript.ld -L../../udp_client_bsp/ps7_cortexa9_0/lib -o "udp_client.elf"  ./src/i2c_access.o ./src/main.o ./src/platform.o ./src/si5324.o ./src/udp_client.o   -Wl,--start-group,-lxil,-lgcc,-lc,--end-group -Wl,--start-group,-lxil,-llwip4,-lgcc,-lc,--end-group
[...]
Running Make include in ps7_cortexa9_0/libsrc/cpu_cortexa9_v2_7/src
make -C ps7_cortexa9_0/libsrc/cpu_cortexa9_v2_7/src -s include  "SHELL=/bin/sh" "COMPILER=arm-none-eabi-gcc" "ARCHIVER=arm-none-eabi-ar" "COMPILER_FLAGS=  -O2 -c" "EXTRA_COMPILER_FLAGS=-mcpu=cortex-a9 -mfpu=vfpv3 -mfloat-abi=hard -nostartfiles -g -Wall -Wextra"
Running Make include in ps7_cortexa9_0/libsrc/lwip202_v1_2/src
make -C ps7_cortexa9_0/libsrc/lwip202_v1_2/src -s include  "SHELL=/bin/sh" "COMPILER=arm-none-eabi-gcc" "ARCHIVER=arm-none-eabi-ar" "COMPILER_FLAGS=  -O2 -c" "EXTRA_COMPILER_FLAGS=-mcpu=cortex-a9 -mfpu=vfpv3 -mfloat-abi=hard -nostartfiles -g -Wall -Wextra"
Running Make include in ps7_cortexa9_0/libsrc/axidma_v9_8/src
make -C ps7_cortexa9_0/libsrc/axidma_v9_8/src -s include  "SHELL=/bin/sh" "COMPILER=arm-none-eabi-gcc" "ARCHIVER=arm-none-eabi-ar" "COMPILER_FLAGS=  -O2 -c" "EXTRA_COMPILER_FLAGS=-mcpu=cortex-a9 -mfpu=vfpv3 -mfloat-abi=hard -nostartfiles -g -Wall -Wextra"
Running Make include in ps7_cortexa9_0/libsrc/iicps_v3_8/src
make -C ps7_cortexa9_0/libsrc/iicps_v3_8/src -s include  "SHELL=/bin/sh" "COMPILER=arm-none-eabi-gcc" "ARCHIVER=arm-none-eabi-ar" "COMPILER_FLAGS=  -O2 -c" "EXTRA_COMPILER_FLAGS=-mcpu=cortex-a9 -mfpu=vfpv3 -mfloat-abi=hard -nostartfiles -g -Wall -Wextra"
Running Make include in ps7_cortexa9_0/libsrc/scugic_v3_10/src
make -C ps7_cortexa9_0/libsrc/scugic_v3_10/src -s include  "SHELL=/bin/sh" "COMPILER=arm-none-eabi-gcc" "ARCHIVER=arm-none-eabi-ar" "COMPILER_FLAGS=  -O2 -c" "EXTRA_COMPILER_FLAGS=-mcpu=cortex-a9 -mfpu=vfpv3 -mfloat-abi=hard -nostartfiles -g -Wall -Wextra"
Running Make include in ps7_cortexa9_0/libsrc/axiethernet_v5_8/src
make -C ps7_cortexa9_0/libsrc/axiethernet_v5_8/src -s include  "SHELL=/bin/sh" "COMPILER=arm-none-eabi-gcc" "ARCHIVER=arm-none-eabi-ar" "COMPILER_FLAGS=  -O2 -c" "EXTRA_COMPILER_FLAGS=-mcpu=cortex-a9 -mfpu=vfpv3 -mfloat-abi=hard -nostartfiles -g -Wall -Wextra"
Running Make include in ps7_cortexa9_0/libsrc/xadcps_v2_3/src
make -C ps7_cortexa9_0/libsrc/xadcps_v2_3/src -s include  "SHELL=/bin/sh" "COMPILER=arm-none-eabi-gcc" "ARCHIVER=arm-none-eabi-ar" "COMPILER_FLAGS=  -O2 -c" "EXTRA_COMPILER_FLAGS=-mcpu=cortex-a9 -mfpu=vfpv3 -mfloat-abi=hard -nostartfiles -g -Wall -Wextra"
Running Make include in ps7_cortexa9_0/libsrc/devcfg_v3_5/src
make -C ps7_cortexa9_0/libsrc/devcfg_v3_5/src -s include  "SHELL=/bin/sh" "COMPILER=arm-none-eabi-gcc" "ARCHIVER=arm-none-eabi-ar" "COMPILER_FLAGS=  -O2 -c" "EXTRA_COMPILER_FLAGS=-mcpu=cortex-a9 -mfpu=vfpv3 -mfloat-abi=hard -nostartfiles -g -Wall -Wextra"
Running Make include in ps7_cortexa9_0/libsrc/scuwdt_v2_1/src
make -C ps7_cortexa9_0/libsrc/scuwdt_v2_1/src -s include  "SHELL=/bin/sh" "COMPILER=arm-none-eabi-gcc" "ARCHIVER=arm-none-eabi-ar" "COMPILER_FLAGS=  -O2 -c" "EXTRA_COMPILER_FLAGS=-mcpu=cortex-a9 -mfpu=vfpv3 -mfloat-abi=hard -nostartfiles -g -Wall -Wextra"
Running Make include in ps7_cortexa9_0/libsrc/uartps_v3_7/src
make -C ps7_cortexa9_0/libsrc/uartps_v3_7/src -s include  "SHELL=/bin/sh" "COMPILER=arm-none-eabi-gcc" "ARCHIVER=arm-none-eabi-ar" "COMPILER_FLAGS=  -O2 -c" "EXTRA_COMPILER_FLAGS=-mcpu=cortex-a9 -mfpu=vfpv3 -mfloat-abi=hard -nostartfiles -g -Wall -Wextra"
Running Make include in ps7_cortexa9_0/libsrc/coresightps_dcc_v1_4/src
make -C ps7_cortexa9_0/libsrc/coresightps_dcc_v1_4/src -s include  "SHELL=/bin/sh" "COMPILER=arm-none-eabi-gcc" "ARCHIVER=arm-none-eabi-ar" "COMPILER_FLAGS=  -O2 -c" "EXTRA_COMPILER_FLAGS=-mcpu=cortex-a9 -mfpu=vfpv3 -mfloat-abi=hard -nostartfiles -g -Wall -Wextra"
Running Make include in ps7_cortexa9_0/libsrc/scutimer_v2_1/src
make -C ps7_cortexa9_0/libsrc/scutimer_v2_1/src -s include  "SHELL=/bin/sh" "COMPILER=arm-none-eabi-gcc" "ARCHIVER=arm-none-eabi-ar" "COMPILER_FLAGS=  -O2 -c" "EXTRA_COMPILER_FLAGS=-mcpu=cortex-a9 -mfpu=vfpv3 -mfloat-abi=hard -nostartfiles -g -Wall -Wextra"
Running Make libs in ps7_cortexa9_0/libsrc/ddrps_v1_0/src
make -C ps7_cortexa9_0/libsrc/ddrps_v1_0/src -s libs  "SHELL=/bin/sh" "COMPILER=arm-none-eabi-gcc" "ARCHIVER=arm-none-eabi-ar" "COMPILER_FLAGS=  -O2 -c" "EXTRA_COMPILER_FLAGS=-mcpu=cortex-a9 -mfpu=vfpv3 -mfloat-abi=hard -nostartfiles -g -Wall -Wextra"
Compiling ddrps
Running Make libs in ps7_cortexa9_0/libsrc/standalone_v6_8/src
make -C ps7_cortexa9_0/libsrc/standalone_v6_8/src -s libs  "SHELL=/bin/sh" "COMPILER=arm-none-eabi-gcc" "ARCHIVER=arm-none-eabi-ar" "COMPILER_FLAGS=  -O2 -c" "EXTRA_COMPILER_FLAGS=-mcpu=cortex-a9 -mfpu=vfpv3 -mfloat-abi=hard -nostartfiles -g -Wall -Wextra"
Compiling standalone
In file included from xtime_l.c:49:0:
xtime_l.h:87:9: note: #pragma message: For the sleep routines, Global timer is being used
 #pragma message ("For the sleep routines, Global timer is being used")
         ^~~~~~~
In file included from xil_sleeptimer.c:51:0:
xtime_l.h:87:9: note: #pragma message: For the sleep routines, Global timer is being used
 #pragma message ("For the sleep routines, Global timer is being used")
         ^~~~~~~
In file included from sleep.c:53:0:
xtime_l.h:87:9: note: #pragma message: For the sleep routines, Global timer is being used
 #pragma message ("For the sleep routines, Global timer is being used")
         ^~~~~~~
In file included from usleep.c:56:0:
xtime_l.h:87:9: note: #pragma message: For the sleep routines, Global timer is being used
 #pragma message ("For the sleep routines, Global timer is being used")
         ^~~~~~~
Running Make libs in ps7_cortexa9_0/libsrc/dmaps_v2_4/src
make -C ps7_cortexa9_0/libsrc/dmaps_v2_4/src -s libs  "SHELL=/bin/sh" "COMPILER=arm-none-eabi-gcc" "ARCHIVER=arm-none-eabi-ar" "COMPILER_FLAGS=  -O2 -c" "EXTRA_COMPILER_FLAGS=-mcpu=cortex-a9 -mfpu=vfpv3 -mfloat-abi=hard -nostartfiles -g -Wall -Wextra"
Compiling dmaps
Running Make libs in ps7_cortexa9_0/libsrc/cpu_cortexa9_v2_7/src
make -C ps7_cortexa9_0/libsrc/cpu_cortexa9_v2_7/src -s libs  "SHELL=/bin/sh" "COMPILER=arm-none-eabi-gcc" "ARCHIVER=arm-none-eabi-ar" "COMPILER_FLAGS=  -O2 -c" "EXTRA_COMPILER_FLAGS=-mcpu=cortex-a9 -mfpu=vfpv3 -mfloat-abi=hard -nostartfiles -g -Wall -Wextra"
Compiling cpu_cortexa9
Running Make libs in ps7_cortexa9_0/libsrc/lwip202_v1_2/src
make -C ps7_cortexa9_0/libsrc/lwip202_v1_2/src -s libs  "SHELL=/bin/sh" "COMPILER=arm-none-eabi-gcc" "ARCHIVER=arm-none-eabi-ar" "COMPILER_FLAGS=  -O2 -c" "EXTRA_COMPILER_FLAGS=-mcpu=cortex-a9 -mfpu=vfpv3 -mfloat-abi=hard -nostartfiles -g -Wall -Wextra"
Compiling lwip src and adapter files
Running Make libs in ps7_cortexa9_0/libsrc/axidma_v9_8/src
make -C ps7_cortexa9_0/libsrc/axidma_v9_8/src -s libs  "SHELL=/bin/sh" "COMPILER=arm-none-eabi-gcc" "ARCHIVER=arm-none-eabi-ar" "COMPILER_FLAGS=  -O2 -c" "EXTRA_COMPILER_FLAGS=-mcpu=cortex-a9 -mfpu=vfpv3 -mfloat-abi=hard -nostartfiles -g -Wall -Wextra"
Compiling axidma
Running Make libs in ps7_cortexa9_0/libsrc/iicps_v3_8/src
make -C ps7_cortexa9_0/libsrc/iicps_v3_8/src -s libs  "SHELL=/bin/sh" "COMPILER=arm-none-eabi-gcc" "ARCHIVER=arm-none-eabi-ar" "COMPILER_FLAGS=  -O2 -c" "EXTRA_COMPILER_FLAGS=-mcpu=cortex-a9 -mfpu=vfpv3 -mfloat-abi=hard -nostartfiles -g -Wall -Wextra"
Compiling iicps
Running Make libs in ps7_cortexa9_0/libsrc/scugic_v3_10/src
make -C ps7_cortexa9_0/libsrc/scugic_v3_10/src -s libs  "SHELL=/bin/sh" "COMPILER=arm-none-eabi-gcc" "ARCHIVER=arm-none-eabi-ar" "COMPILER_FLAGS=  -O2 -c" "EXTRA_COMPILER_FLAGS=-mcpu=cortex-a9 -mfpu=vfpv3 -mfloat-abi=hard -nostartfiles -g -Wall -Wextra"
Compiling scugic
Running Make libs in ps7_cortexa9_0/libsrc/axiethernet_v5_8/src
make -C ps7_cortexa9_0/libsrc/axiethernet_v5_8/src -s libs  "SHELL=/bin/sh" "COMPILER=arm-none-eabi-gcc" "ARCHIVER=arm-none-eabi-ar" "COMPILER_FLAGS=  -O2 -c" "EXTRA_COMPILER_FLAGS=-mcpu=cortex-a9 -mfpu=vfpv3 -mfloat-abi=hard -nostartfiles -g -Wall -Wextra"
Compiling axiethernet
Running Make libs in ps7_cortexa9_0/libsrc/xadcps_v2_3/src
make -C ps7_cortexa9_0/libsrc/xadcps_v2_3/src -s libs  "SHELL=/bin/sh" "COMPILER=arm-none-eabi-gcc" "ARCHIVER=arm-none-eabi-ar" "COMPILER_FLAGS=  -O2 -c" "EXTRA_COMPILER_FLAGS=-mcpu=cortex-a9 -mfpu=vfpv3 -mfloat-abi=hard -nostartfiles -g -Wall -Wextra"
Compiling xadcps
Running Make libs in ps7_cortexa9_0/libsrc/devcfg_v3_5/src
make -C ps7_cortexa9_0/libsrc/devcfg_v3_5/src -s libs  "SHELL=/bin/sh" "COMPILER=arm-none-eabi-gcc" "ARCHIVER=arm-none-eabi-ar" "COMPILER_FLAGS=  -O2 -c" "EXTRA_COMPILER_FLAGS=-mcpu=cortex-a9 -mfpu=vfpv3 -mfloat-abi=hard -nostartfiles -g -Wall -Wextra"
Compiling devcfg
Running Make libs in ps7_cortexa9_0/libsrc/scuwdt_v2_1/src
make -C ps7_cortexa9_0/libsrc/scuwdt_v2_1/src -s libs  "SHELL=/bin/sh" "COMPILER=arm-none-eabi-gcc" "ARCHIVER=arm-none-eabi-ar" "COMPILER_FLAGS=  -O2 -c" "EXTRA_COMPILER_FLAGS=-mcpu=cortex-a9 -mfpu=vfpv3 -mfloat-abi=hard -nostartfiles -g -Wall -Wextra"
Compiling scuwdt
Running Make libs in ps7_cortexa9_0/libsrc/uartps_v3_7/src
make -C ps7_cortexa9_0/libsrc/uartps_v3_7/src -s libs  "SHELL=/bin/sh" "COMPILER=arm-none-eabi-gcc" "ARCHIVER=arm-none-eabi-ar" "COMPILER_FLAGS=  -O2 -c" "EXTRA_COMPILER_FLAGS=-mcpu=cortex-a9 -mfpu=vfpv3 -mfloat-abi=hard -nostartfiles -g -Wall -Wextra"
Compiling uartps
Running Make libs in ps7_cortexa9_0/libsrc/coresightps_dcc_v1_4/src
make -C ps7_cortexa9_0/libsrc/coresightps_dcc_v1_4/src -s libs  "SHELL=/bin/sh" "COMPILER=arm-none-eabi-gcc" "ARCHIVER=arm-none-eabi-ar" "COMPILER_FLAGS=  -O2 -c" "EXTRA_COMPILER_FLAGS=-mcpu=cortex-a9 -mfpu=vfpv3 -mfloat-abi=hard -nostartfiles -g -Wall -Wextra"
Compiling coresightps_dcc
Running Make libs in ps7_cortexa9_0/libsrc/scutimer_v2_1/src
make -C ps7_cortexa9_0/libsrc/scutimer_v2_1/src -s libs  "SHELL=/bin/sh" "COMPILER=arm-none-eabi-gcc" "ARCHIVER=arm-none-eabi-ar" "COMPILER_FLAGS=  -O2 -c" "EXTRA_COMPILER_FLAGS=-mcpu=cortex-a9 -mfpu=vfpv3 -mfloat-abi=hard -nostartfiles -g -Wall -Wextra"
Compiling scutimer
Finished building libraries
17:44:17 **** Build of configuration Debug for project udp_server ****
make pre-build main-build 
a9-linaro-pre-build-step
 
Building file: ../src/i2c_access.c
Invoking: ARM v7 gcc compiler
arm-none-eabi-gcc -Wall -O0 -g3 -c -fmessage-length=0 -MT"src/i2c_access.o" -mcpu=cortex-a9 -mfpu=vfpv3 -mfloat-abi=hard -I../../udp_server_bsp/ps7_cortexa9_0/include -MMD -MP -MF"src/i2c_access.d" -MT"src/i2c_access.o" -o "src/i2c_access.o" "../src/i2c_access.c"
Finished building: ../src/i2c_access.c
 
Building file: ../src/iic_phyreset.c
Invoking: ARM v7 gcc compiler
arm-none-eabi-gcc -Wall -O0 -g3 -c -fmessage-length=0 -MT"src/iic_phyreset.o" -mcpu=cortex-a9 -mfpu=vfpv3 -mfloat-abi=hard -I../../udp_server_bsp/ps7_cortexa9_0/include -MMD -MP -MF"src/iic_phyreset.d" -MT"src/iic_phyreset.o" -o "src/iic_phyreset.o" "../src/iic_phyreset.c"
Finished building: ../src/iic_phyreset.c
 
Building file: ../src/main.c
Invoking: ARM v7 gcc compiler
arm-none-eabi-gcc -Wall -O0 -g3 -c -fmessage-length=0 -MT"src/main.o" -mcpu=cortex-a9 -mfpu=vfpv3 -mfloat-abi=hard -I../../udp_server_bsp/ps7_cortexa9_0/include -MMD -MP -MF"src/main.d" -MT"src/main.o" -o "src/main.o" "../src/main.c"
Finished building: ../src/main.c
 
Building file: ../src/platform_zynq.c
Invoking: ARM v7 gcc compiler
arm-none-eabi-gcc -Wall -O0 -g3 -c -fmessage-length=0 -MT"src/platform_zynq.o" -mcpu=cortex-a9 -mfpu=vfpv3 -mfloat-abi=hard -I../../udp_server_bsp/ps7_cortexa9_0/include -MMD -MP -MF"src/platform_zynq.d" -MT"src/platform_zynq.o" -o "src/platform_zynq.o" "../src/platform_zynq.c"
In file included from ../src/platform_zynq.c:60:0:
../../udp_server_bsp/ps7_cortexa9_0/include/xtime_l.h:87:9: note: #pragma message: For the sleep routines, Global timer is being used
 #pragma message ("For the sleep routines, Global timer is being used")
         ^~~~~~~
Finished building: ../src/platform_zynq.c
 
Building file: ../src/platform_zynqmp.c
Invoking: ARM v7 gcc compiler
arm-none-eabi-gcc -Wall -O0 -g3 -c -fmessage-length=0 -MT"src/platform_zynqmp.o" -mcpu=cortex-a9 -mfpu=vfpv3 -mfloat-abi=hard -I../../udp_server_bsp/ps7_cortexa9_0/include -MMD -MP -MF"src/platform_zynqmp.d" -MT"src/platform_zynqmp.o" -o "src/platform_zynqmp.o" "../src/platform_zynqmp.c"
Finished building: ../src/platform_zynqmp.c
 
Building file: ../src/sfp.c
Invoking: ARM v7 gcc compiler
arm-none-eabi-gcc -Wall -O0 -g3 -c -fmessage-length=0 -MT"src/sfp.o" -mcpu=cortex-a9 -mfpu=vfpv3 -mfloat-abi=hard -I../../udp_server_bsp/ps7_cortexa9_0/include -MMD -MP -MF"src/sfp.d" -MT"src/sfp.o" -o "src/sfp.o" "../src/sfp.c"
Finished building: ../src/sfp.c
 
Building file: ../src/si5324.c
Invoking: ARM v7 gcc compiler
arm-none-eabi-gcc -Wall -O0 -g3 -c -fmessage-length=0 -MT"src/si5324.o" -mcpu=cortex-a9 -mfpu=vfpv3 -mfloat-abi=hard -I../../udp_server_bsp/ps7_cortexa9_0/include -MMD -MP -MF"src/si5324.d" -MT"src/si5324.o" -o "src/si5324.o" "../src/si5324.c"
Finished building: ../src/si5324.c
 
Building file: ../src/udp_perf_server.c
Invoking: ARM v7 gcc compiler
arm-none-eabi-gcc -Wall -O0 -g3 -c -fmessage-length=0 -MT"src/udp_perf_server.o" -mcpu=cortex-a9 -mfpu=vfpv3 -mfloat-abi=hard -I../../udp_server_bsp/ps7_cortexa9_0/include -MMD -MP -MF"src/udp_perf_server.d" -MT"src/udp_perf_server.o" -o "src/udp_perf_server.o" "../src/udp_perf_server.c"
Finished building: ../src/udp_perf_server.c
 
Building target: udp_server.elf
Invoking: ARM v7 gcc linker
arm-none-eabi-gcc -mcpu=cortex-a9 -mfpu=vfpv3 -mfloat-abi=hard -Wl,-build-id=none -specs=Xilinx.spec -Wl,-T -Wl,../src/lscript.ld -L../../udp_server_bsp/ps7_cortexa9_0/lib -o "udp_server.elf"  ./src/i2c_access.o ./src/iic_phyreset.o ./src/main.o ./src/platform.o ./src/platform_mb.o ./src/platform_zynq.o ./src/platform_zynqmp.o ./src/sfp.o ./src/si5324.o ./src/udp_perf_server.o   -Wl,--start-group,-lxil,-lgcc,-lc,--end-group -Wl,--start-group,-lxil,-llwip4,-lgcc,-lc,--end-group
Finished building target: udp_server.elf
 
Invoking: ARM v7 Print Size
arm-none-eabi-size udp_server.elf  |tee "udp_server.elf.size"
   text	   data	    bss	    dec	    hex	filename
 160764	   3912	30115408	30280084	1ce0994	udp_server.elf
Finished building: udp_server.elf.size
 
17:46:44 **** Auto Build of configuration Debug for project udp_client ****
make pre-build main-build 
a9-linaro-pre-build-step
 
Building file: ../src/main.c
Invoking: ARM v7 gcc compiler
arm-none-eabi-gcc -Wall -O0 -g3 -c -fmessage-length=0 -MT"src/main.o" -mcpu=cortex-a9 -mfpu=vfpv3 -mfloat-abi=hard -I../../udp_client_bsp/ps7_cortexa9_0/include -MMD -MP -MF"src/main.d" -MT"src/main.o" -o "src/main.o" "../src/main.c"
Finished building: ../src/main.c
 
Building file: ../src/udp_client.c
Invoking: ARM v7 gcc compiler
arm-none-eabi-gcc -Wall -O0 -g3 -c -fmessage-length=0 -MT"src/udp_client.o" -mcpu=cortex-a9 -mfpu=vfpv3 -mfloat-abi=hard -I../../udp_client_bsp/ps7_cortexa9_0/include -MMD -MP -MF"src/udp_client.d" -MT"src/udp_client.o" -o "src/udp_client.o" "../src/udp_client.c"
../src/udp_client.c: In function 'send_udp_packet':
../src/udp_client.c:77:30: warning: pointer targets in initialization differ in signedness [-Wpointer-sign]
     const int8_t *send_buf = "ready"; //TODO:
                              ^~~~~~~
../src/udp_client.c:79:33: warning: pointer targets in passing argument 1 of 'strlen' differ in signedness [-Wpointer-sign]
  size_t send_buf_size = (strlen(send_buf) + 1);//TODO:
                                 ^~~~~~~~
In file included from /opt/tools/Xilinx/SDK/2018.3/gnu/aarch32/lin/gcc-arm-none-eabi/arm-none-eabi/libc/usr/include/stdio.h:29:0,
                 from ../../udp_client_bsp/ps7_cortexa9_0/include/arch/cc.h:38,
                 from ../../udp_client_bsp/ps7_cortexa9_0/include/lwip/arch.h:48,
                 from ../../udp_client_bsp/ps7_cortexa9_0/include/lwip/debug.h:40,
                 from ../../udp_client_bsp/ps7_cortexa9_0/include/lwip/opt.h:52,
                 from ../../udp_client_bsp/ps7_cortexa9_0/include/lwip/ip_addr.h:40,
                 from ../src/udp_client.c:1:
/opt/tools/Xilinx/SDK/2018.3/gnu/aarch32/lin/gcc-arm-none-eabi/arm-none-eabi/libc/usr/include/string.h:33:9: note: expected 'const char *' but argument is of type 'const int8_t * {aka const signed char *}'
 size_t  _EXFUN(strlen,(const char *));
         ^
Finished building: ../src/udp_client.c
 
Building target: udp_client.elf
Invoking: ARM v7 gcc linker
arm-none-eabi-gcc -mcpu=cortex-a9 -mfpu=vfpv3 -mfloat-abi=hard -Wl,-build-id=none -specs=Xilinx.spec -Wl,-T -Wl,../src/lscript.ld -L../../udp_client_bsp/ps7_cortexa9_0/lib -o "udp_client.elf"  ./src/i2c_access.o ./src/main.o ./src/platform.o ./src/si5324.o ./src/udp_client.o   -Wl,--start-group,-lxil,-lgcc,-lc,--end-group -Wl,--start-group,-lxil,-llwip4,-lgcc,-lc,--end-group
Finished building target: udp_client.elf
 
Invoking: ARM v7 Print Size
arm-none-eabi-size udp_client.elf  |tee "udp_client.elf.size"
   text	   data	    bss	    dec	    hex	filename
 121832	   3520	30114560	30239912	1cd6ca8	udp_client.elf
Finished building: udp_client.elf.size
 
17:46:50 **** Auto Build of configuration Debug for project udp_client ****
make pre-build main-build 
a9-linaro-pre-build-step
 
Building file: ../src/main.c
Invoking: ARM v7 gcc compiler
arm-none-eabi-gcc -Wall -O0 -g3 -c -fmessage-length=0 -MT"src/main.o" -mcpu=cortex-a9 -mfpu=vfpv3 -mfloat-abi=hard -I../../udp_client_bsp/ps7_cortexa9_0/include -MMD -MP -MF"src/main.d" -MT"src/main.o" -o "src/main.o" "../src/main.c"
Finished building: ../src/main.c
 
Building file: ../src/udp_client.c
Invoking: ARM v7 gcc compiler
arm-none-eabi-gcc -Wall -O0 -g3 -c -fmessage-length=0 -MT"src/udp_client.o" -mcpu=cortex-a9 -mfpu=vfpv3 -mfloat-abi=hard -I../../udp_client_bsp/ps7_cortexa9_0/include -MMD -MP -MF"src/udp_client.d" -MT"src/udp_client.o" -o "src/udp_client.o" "../src/udp_client.c"
../src/udp_client.c: In function 'send_udp_packet':
../src/udp_client.c:77:30: warning: pointer targets in initialization differ in signedness [-Wpointer-sign]
     const int8_t *send_buf = "ready"; //TODO:
                              ^~~~~~~
../src/udp_client.c:79:33: warning: pointer targets in passing argument 1 of 'strlen' differ in signedness [-Wpointer-sign]
  size_t send_buf_size = (strlen(send_buf) + 1);//TODO:
                                 ^~~~~~~~
In file included from /opt/tools/Xilinx/SDK/2018.3/gnu/aarch32/lin/gcc-arm-none-eabi/arm-none-eabi/libc/usr/include/stdio.h:29:0,
                 from ../../udp_client_bsp/ps7_cortexa9_0/include/arch/cc.h:38,
                 from ../../udp_client_bsp/ps7_cortexa9_0/include/lwip/arch.h:48,
                 from ../../udp_client_bsp/ps7_cortexa9_0/include/lwip/debug.h:40,
                 from ../../udp_client_bsp/ps7_cortexa9_0/include/lwip/opt.h:52,
                 from ../../udp_client_bsp/ps7_cortexa9_0/include/lwip/ip_addr.h:40,
                 from ../src/udp_client.c:1:
/opt/tools/Xilinx/SDK/2018.3/gnu/aarch32/lin/gcc-arm-none-eabi/arm-none-eabi/libc/usr/include/string.h:33:9: note: expected 'const char *' but argument is of type 'const int8_t * {aka const signed char *}'
 size_t  _EXFUN(strlen,(const char *));
         ^
Finished building: ../src/udp_client.c
 
Building target: udp_client.elf
Invoking: ARM v7 gcc linker
arm-none-eabi-gcc -mcpu=cortex-a9 -mfpu=vfpv3 -mfloat-abi=hard -Wl,-build-id=none -specs=Xilinx.spec -Wl,-T -Wl,../src/lscript.ld -L../../udp_client_bsp/ps7_cortexa9_0/lib -o "udp_client.elf"  ./src/i2c_access.o ./src/main.o ./src/platform.o ./src/si5324.o ./src/udp_client.o   -Wl,--start-group,-lxil,-lgcc,-lc,--end-group -Wl,--start-group,-lxil,-llwip4,-lgcc,-lc,--end-group
Finished building target: udp_client.elf
 
Invoking: ARM v7 Print Size
arm-none-eabi-size udp_client.elf  |tee "udp_client.elf.size"
   text	   data	    bss	    dec	    hex	filename
 121832	   3520	30114560	30239912	1cd6ca8	udp_client.elf
Finished building: udp_client.elf.size
 
17:47:41 **** Incremental Build of configuration Debug for project udp_client ****
make pre-build main-build 
a9-linaro-pre-build-step
 
make: Nothing to be done for 'main-build'.
