15:37:21 **** Build of configuration Debug for project udp_client_bsp_xaxiethernet_example_intr_sgdma_1 ****
make pre-build main-build 
a9-linaro-pre-build-step
 
Building file: ../src/xaxiethernet_example_intr_sgdma.c
Invoking: ARM v7 gcc compiler
arm-none-eabi-gcc -Wall -O0 -g3 -c -fmessage-length=0 -MT"src/xaxiethernet_example_intr_sgdma.o" -mcpu=cortex-a9 -mfpu=vfpv3 -mfloat-abi=hard -I../../udp_client_bsp/ps7_cortexa9_0/include -MMD -MP -MF"src/xaxiethernet_example_intr_sgdma.d" -MT"src/xaxiethernet_example_intr_sgdma.o" -o "src/xaxiethernet_example_intr_sgdma.o" "../src/xaxiethernet_example_intr_sgdma.c"
Finished building: ../src/xaxiethernet_example_intr_sgdma.c
 
Building file: ../src/xaxiethernet_example_util.c
Invoking: ARM v7 gcc compiler
arm-none-eabi-gcc -Wall -O0 -g3 -c -fmessage-length=0 -MT"src/xaxiethernet_example_util.o" -mcpu=cortex-a9 -mfpu=vfpv3 -mfloat-abi=hard -I../../udp_client_bsp/ps7_cortexa9_0/include -MMD -MP -MF"src/xaxiethernet_example_util.d" -MT"src/xaxiethernet_example_util.o" -o "src/xaxiethernet_example_util.o" "../src/xaxiethernet_example_util.c"
Finished building: ../src/xaxiethernet_example_util.c
 
Building target: udp_client_bsp_xaxiethernet_example_intr_sgdma_1.elf
Invoking: ARM v7 gcc linker
arm-none-eabi-gcc -mcpu=cortex-a9 -mfpu=vfpv3 -mfloat-abi=hard -Wl,-build-id=none -specs=Xilinx.spec -Wl,-T -Wl,../src/lscript.ld -L../../udp_client_bsp/ps7_cortexa9_0/lib -o "udp_client_bsp_xaxiethernet_example_intr_sgdma_1.elf"  ./src/xaxiethernet_example_intr_sgdma.o ./src/xaxiethernet_example_util.o   -Wl,--start-group,-lxil,-lgcc,-lc,--end-group
Finished building target: udp_client_bsp_xaxiethernet_example_intr_sgdma_1.elf
 
Invoking: ARM v7 Print Size
arm-none-eabi-size udp_client_bsp_xaxiethernet_example_intr_sgdma_1.elf  |tee "udp_client_bsp_xaxiethernet_example_intr_sgdma_1.elf.size"
   text	   data	    bss	    dec	    hex	filename
  58972	   3112	 941168	1003252	  f4ef4	udp_client_bsp_xaxiethernet_example_intr_sgdma_1.elf
Finished building: udp_client_bsp_xaxiethernet_example_intr_sgdma_1.elf.size
 

15:37:21 Build Finished (took 416ms)

